Archive member included to satisfy reference by file (symbol)

c:/nxp/mcuxpressoide_11.5.0_7232/ide/plugins/com.nxp.mcuxpresso.tools.win32_11.5.0.202107051138/tools/bin/../lib/gcc/arm-none-eabi/10.3.1/../../../../arm-none-eabi/lib/thumb/v7-m/nofp\libcr_c.a(memcpy.o)
                              ./Drivers/flash_nvol.o (memcpy)
c:/nxp/mcuxpressoide_11.5.0_7232/ide/plugins/com.nxp.mcuxpresso.tools.win32_11.5.0.202107051138/tools/bin/../lib/gcc/arm-none-eabi/10.3.1/../../../../arm-none-eabi/lib/thumb/v7-m/nofp\libcr_c.a(__weak__main.o)
                              ./BSP/cr_startup_lpc175x_6x.o (__main)
c:/nxp/mcuxpressoide_11.5.0_7232/ide/plugins/com.nxp.mcuxpresso.tools.win32_11.5.0.202107051138/tools/bin/../lib/gcc/arm-none-eabi/10.3.1/../../../../arm-none-eabi/lib/thumb/v7-m/nofp\libcr_c.a(stdlib.o)
                              ./src/nec_protocol.o (abs)
c:/nxp/mcuxpressoide_11.5.0_7232/ide/plugins/com.nxp.mcuxpresso.tools.win32_11.5.0.202107051138/tools/bin/../lib/gcc/arm-none-eabi/10.3.1/../../../../arm-none-eabi/lib/thumb/v7-m/nofp\libcr_c.a(initio.o)
                              c:/nxp/mcuxpressoide_11.5.0_7232/ide/plugins/com.nxp.mcuxpresso.tools.win32_11.5.0.202107051138/tools/bin/../lib/gcc/arm-none-eabi/10.3.1/../../../../arm-none-eabi/lib/thumb/v7-m/nofp\libcr_c.a(stdlib.o) (_terminateio)
c:/nxp/mcuxpressoide_11.5.0_7232/ide/plugins/com.nxp.mcuxpresso.tools.win32_11.5.0.202107051138/tools/bin/../lib/gcc/arm-none-eabi/10.3.1/../../../../arm-none-eabi/lib/thumb/v7-m/nofp\libcr_c.a(raise.o)
                              c:/nxp/mcuxpressoide_11.5.0_7232/ide/plugins/com.nxp.mcuxpresso.tools.win32_11.5.0.202107051138/tools/bin/../lib/gcc/arm-none-eabi/10.3.1/../../../../arm-none-eabi/lib/thumb/v7-m/nofp\libcr_c.a(stdlib.o) (raise)
c:/nxp/mcuxpressoide_11.5.0_7232/ide/plugins/com.nxp.mcuxpresso.tools.win32_11.5.0.202107051138/tools/bin/../lib/gcc/arm-none-eabi/10.3.1/../../../../arm-none-eabi/lib/thumb/v7-m/nofp\libcr_c.a(setvbuf.o)
                              c:/nxp/mcuxpressoide_11.5.0_7232/ide/plugins/com.nxp.mcuxpresso.tools.win32_11.5.0.202107051138/tools/bin/../lib/gcc/arm-none-eabi/10.3.1/../../../../arm-none-eabi/lib/thumb/v7-m/nofp\libcr_c.a(initio.o) (setvbuf)
c:/nxp/mcuxpressoide_11.5.0_7232/ide/plugins/com.nxp.mcuxpresso.tools.win32_11.5.0.202107051138/tools/bin/../lib/gcc/arm-none-eabi/10.3.1/../../../../arm-none-eabi/lib/thumb/v7-m/nofp\libcr_c.a(_fdopen.o)
                              c:/nxp/mcuxpressoide_11.5.0_7232/ide/plugins/com.nxp.mcuxpresso.tools.win32_11.5.0.202107051138/tools/bin/../lib/gcc/arm-none-eabi/10.3.1/../../../../arm-none-eabi/lib/thumb/v7-m/nofp\libcr_c.a(initio.o) (_fdopen)
c:/nxp/mcuxpressoide_11.5.0_7232/ide/plugins/com.nxp.mcuxpresso.tools.win32_11.5.0.202107051138/tools/bin/../lib/gcc/arm-none-eabi/10.3.1/../../../../arm-none-eabi/lib/thumb/v7-m/nofp\libcr_c.a(fclose.o)
                              c:/nxp/mcuxpressoide_11.5.0_7232/ide/plugins/com.nxp.mcuxpresso.tools.win32_11.5.0.202107051138/tools/bin/../lib/gcc/arm-none-eabi/10.3.1/../../../../arm-none-eabi/lib/thumb/v7-m/nofp\libcr_c.a(initio.o) (fclose)
c:/nxp/mcuxpressoide_11.5.0_7232/ide/plugins/com.nxp.mcuxpresso.tools.win32_11.5.0.202107051138/tools/bin/../lib/gcc/arm-none-eabi/10.3.1/../../../../arm-none-eabi/lib/thumb/v7-m/nofp\libcr_c.a(fflush.o)
                              c:/nxp/mcuxpressoide_11.5.0_7232/ide/plugins/com.nxp.mcuxpresso.tools.win32_11.5.0.202107051138/tools/bin/../lib/gcc/arm-none-eabi/10.3.1/../../../../arm-none-eabi/lib/thumb/v7-m/nofp\libcr_c.a(fclose.o) (fflush)
c:/nxp/mcuxpressoide_11.5.0_7232/ide/plugins/com.nxp.mcuxpresso.tools.win32_11.5.0.202107051138/tools/bin/../lib/gcc/arm-none-eabi/10.3.1/../../../../arm-none-eabi/lib/thumb/v7-m/nofp\libcr_c.a(fseek.o)
                              c:/nxp/mcuxpressoide_11.5.0_7232/ide/plugins/com.nxp.mcuxpresso.tools.win32_11.5.0.202107051138/tools/bin/../lib/gcc/arm-none-eabi/10.3.1/../../../../arm-none-eabi/lib/thumb/v7-m/nofp\libcr_c.a(_fdopen.o) (fseek)
c:/nxp/mcuxpressoide_11.5.0_7232/ide/plugins/com.nxp.mcuxpresso.tools.win32_11.5.0.202107051138/tools/bin/../lib/gcc/arm-none-eabi/10.3.1/../../../../arm-none-eabi/lib/thumb/v7-m/nofp\libcr_c.a(ftell.o)
                              c:/nxp/mcuxpressoide_11.5.0_7232/ide/plugins/com.nxp.mcuxpresso.tools.win32_11.5.0.202107051138/tools/bin/../lib/gcc/arm-none-eabi/10.3.1/../../../../arm-none-eabi/lib/thumb/v7-m/nofp\libcr_c.a(fseek.o) (ftell)
c:/nxp/mcuxpressoide_11.5.0_7232/ide/plugins/com.nxp.mcuxpresso.tools.win32_11.5.0.202107051138/tools/bin/../lib/gcc/arm-none-eabi/10.3.1/../../../../arm-none-eabi/lib/thumb/v7-m/nofp\libcr_c.a(remove.o)
                              c:/nxp/mcuxpressoide_11.5.0_7232/ide/plugins/com.nxp.mcuxpresso.tools.win32_11.5.0.202107051138/tools/bin/../lib/gcc/arm-none-eabi/10.3.1/../../../../arm-none-eabi/lib/thumb/v7-m/nofp\libcr_c.a(fclose.o) (remove)
[...]
Memory Configuration

Name             Origin             Length             Attributes
MFlash512        0x00000000         0x00080000         xr
RamLoc32         0x10000000         0x00008000         xrw
RamAHB32         0x2007c000         0x00008000         xrw
*default*        0x00000000         0xffffffff

Linker script and memory map

LOAD ./src/at45.o
LOAD ./src/fd2930.o
LOAD ./src/main.o
LOAD ./src/nec_protocol.o
LOAD ./modbus/Modbus.o
LOAD ./lpcdrivers/adc_al.o
LOAD ./lpcdrivers/ssp_al.o
LOAD ./lpcdrivers/sys_utils.o
LOAD ./lpcdrivers/uart_al.o
LOAD ./fat_sd/diskio.o
LOAD ./fat_sd/fattime.o
LOAD ./fat_sd/ff.o
LOAD ./fat_sd/ffunicode.o
LOAD ./Drivers/dma.o
LOAD ./Drivers/flash_nvol.o
LOAD ./Drivers/lpc17xx_adc.o
LOAD ./Drivers/lpc17xx_clkpwr.o
LOAD ./Drivers/lpc17xx_gpdma.o
LOAD ./Drivers/lpc17xx_gpio.o
LOAD ./Drivers/lpc17xx_iap.o
LOAD ./Drivers/lpc17xx_libcfg_default.o
LOAD ./Drivers/lpc17xx_nvic.o
LOAD ./Drivers/lpc17xx_pinsel.o
LOAD ./Drivers/lpc17xx_pwm.o
LOAD ./Drivers/lpc17xx_rit.o
LOAD ./Drivers/lpc17xx_rtc.o
LOAD ./Drivers/lpc17xx_spi.o
LOAD ./Drivers/lpc17xx_ssp.o
LOAD ./Drivers/lpc17xx_systick.o
LOAD ./Drivers/lpc17xx_timer.o
LOAD ./Drivers/lpc17xx_uart.o
LOAD ./Drivers/rtc_cal.o
LOAD ./BSP/cr_startup_lpc175x_6x.o
LOAD ./BSP/crp.o
LOAD ./BSP/system_LPC17xx.o
START GROUP
LOAD c:/nxp/mcuxpressoide_11.5.0_7232/ide/plugins/com.nxp.mcuxpresso.tools.win32_11.5.0.202107051138/tools/bin/../lib/gcc/arm-none-eabi/10.3.1/../../../../arm-none-eabi/lib/thumb/v7-m/nofp\libcr_c.a
LOAD c:/nxp/mcuxpressoide_11.5.0_7232/ide/plugins/com.nxp.mcuxpresso.tools.win32_11.5.0.202107051138/tools/bin/../lib/gcc/arm-none-eabi/10.3.1/thumb/v7-m/nofp\libcr_eabihelpers.a
LOAD c:/nxp/mcuxpressoide_11.5.0_7232/ide/plugins/com.nxp.mcuxpresso.tools.win32_11.5.0.202107051138/tools/bin/../lib/gcc/arm-none-eabi/10.3.1/thumb/v7-m/nofp\libgcc.a
END GROUP
                0x00000000                __base_MFlash512 = 0x0
                0x00000000                __base_Flash = 0x0
                0x00080000                __top_MFlash512 = 0x80000
                0x00080000                __top_Flash = 0x80000
                0x10000000                __base_RamLoc32 = 0x10000000
                0x10000000                __base_RAM = 0x10000000
                0x10008000                __top_RamLoc32 = 0x10008000
                0x10008000                __top_RAM = 0x10008000
                0x2007c000                __base_RamAHB32 = 0x2007c000
                0x2007c000                __base_RAM2 = 0x2007c000
                0x20084000                __top_RamAHB32 = 0x20084000
                0x20084000                __top_RAM2 = 0x20084000

.text           0x00000000     0x2a78
 FILL mask 0xff
                0x00000000                __vectors_start__ = ABSOLUTE (.)
 *(.isr_vector)
 .isr_vector    0x00000000       0xcc ./BSP/cr_startup_lpc175x_6x.o
                0x00000000                g_pfnVectors
                0x000000cc                . = ALIGN (0x4)
                0x000000cc                __section_table_start = .
                0x000000cc                __data_section_table = .
                0x000000cc        0x4 LONG 0x2a78 LOADADDR (.data)
                0x000000d0        0x4 LONG 0x10000000 ADDR (.data)
                0x000000d4        0x4 LONG 0x84 SIZEOF (.data)
                0x000000d8        0x4 LONG 0x2a78 LOADADDR (.data_RAM2)
                0x000000dc        0x4 LONG 0x2007c000 ADDR (.data_RAM2)
                0x000000e0        0x4 LONG 0x0 SIZEOF (.data_RAM2)
                0x000000e4                __data_section_table_end = .
                0x000000e4                __bss_section_table = .
                0x000000e4        0x4 LONG 0x10000084 ADDR (.bss)
                0x000000e8        0x4 LONG 0x5a0 SIZEOF (.bss)
                0x000000ec        0x4 LONG 0x2007c000 ADDR (.bss_RAM2)
                0x000000f0        0x4 LONG 0x0 SIZEOF (.bss_RAM2)
                0x000000f4                __bss_section_table_end = .
                0x000000f4                __section_table_end = .
 *(.after_vectors*)
 .after_vectors
                0x000000f4      0x12c ./BSP/cr_startup_lpc175x_6x.o
                0x000000f4                data_init
                0x00000138                bss_init
                0x00000170                ResetISR
                0x000001e4                NMI_Handler
                0x000001ea                HardFault_Handler
                0x000001f0                MemManage_Handler
                0x000001f6                BusFault_Handler
                0x000001fc                UsageFault_Handler
                0x00000202                SVC_Handler
                0x00000208                DebugMon_Handler
                0x0000020e                PendSV_Handler
                0x0000021a                EINT3_IRQHandler
                0x0000021a                CANActivity_IRQHandler
                0x0000021a                TIMER3_IRQHandler
                0x0000021a                UART0_IRQHandler
                0x0000021a                USBActivity_IRQHandler
                0x0000021a                EINT2_IRQHandler
                0x0000021a                IntDefaultHandler
                0x0000021a                PLL0_IRQHandler
                0x0000021a                CAN_IRQHandler
                0x0000021a                I2C0_IRQHandler
                0x0000021a                SSP0_IRQHandler
                0x0000021a                I2C1_IRQHandler
                0x0000021a                I2C2_IRQHandler
                0x0000021a                RTC_IRQHandler
                0x0000021a                TIMER0_IRQHandler
                0x0000021a                SPI_IRQHandler
                0x0000021a                RIT_IRQHandler
                0x0000021a                EINT1_IRQHandler
                0x0000021a                TIMER1_IRQHandler
                0x0000021a                UART2_IRQHandler
                0x0000021a                ADC_IRQHandler
                0x0000021a                SSP1_IRQHandler
                0x0000021a                USB_IRQHandler
                0x0000021a                BOD_IRQHandler
                0x0000021a                PWM1_IRQHandler
                0x0000021a                WDT_IRQHandler
                0x0000021a                I2S_IRQHandler
                0x0000021a                QEI_IRQHandler
                0x0000021a                EINT0_IRQHandler
                0x0000021a                PLL1_IRQHandler
                0x0000021a                DMA_IRQHandler
                0x0000021a                TIMER2_IRQHandler
                0x0000021a                UART3_IRQHandler
                0x0000021a                MCPWM_IRQHandler
                0x0000021a                ENET_IRQHandler
                0x000002fc                . = 0x2fc
 *fill*         0x00000220       0xdc ff
                0x000002fc                PROVIDE (__CRP_WORD_START__ = .)
 *(.crp)
 .crp           0x000002fc        0x4 ./BSP/crp.o
                0x000002fc                CRP_WORD
                0x00000300                PROVIDE (__CRP_WORD_END__ = .)
                0x00000001                ASSERT (! ((__CRP_WORD_START__ == __CRP_WORD_END__)), Linker CRP Enabled, but no CRP_WORD provided within application)
 *(.text*)
 .text.NVIC_SetPriorityGrouping
                0x00000300       0x48 ./src/main.o
 .text.NVIC_EnableIRQ
                0x00000348       0x30 ./src/main.o
 .text.NVIC_ClearPendingIRQ
                0x00000378       0x34 ./src/main.o
 .text.NVIC_SetPriority
                0x000003ac       0x54 ./src/main.o
 .text.main     0x00000400       0x9c ./src/main.o
                0x00000400                main
 .text.UART1_IRQHandler
                0x0000049c       0x18 ./src/main.o
                0x0000049c                UART1_IRQHandler
 .text.SysTick_Handler
                0x000004b4       0x14 ./src/main.o
                0x000004b4                SysTick_Handler
 .text.MCUPeriphConfiguration
                0x000004c8       0x3a ./src/main.o
 .text.MCUPinsConfiguration
                0x00000502      0x280 ./src/main.o
 *fill*         0x00000782        0x2 ff
 .text.ModbusInit
                0x00000784       0x88 ./modbus/Modbus.o
                0x00000784                ModbusInit
 .text.BuildCRC
                0x0000080c       0x64 ./modbus/Modbus.o
                0x0000080c                BuildCRC
 .text.Process  0x00000870      0x5e0 ./modbus/Modbus.o
 .text.ModbusIdle
                0x00000e50      0x1be ./modbus/Modbus.o
                0x00000e50                ModbusIdle
 .text.__defaultCallback
                0x0000100e       0x1c ./modbus/Modbus.o
 .text.TimerInit
                0x0000102a       0x2c ./lpcdrivers/sys_utils.o
                0x0000102a                TimerInit
 .text.TimerReset
                0x00001056       0x2c ./lpcdrivers/sys_utils.o
                0x00001056                TimerReset
 .text.TimerIsOverflow
                0x00001082       0x20 ./lpcdrivers/sys_utils.o
                0x00001082                TimerIsOverflow
 .text.TimerDispatch
                0x000010a2       0x4a ./lpcdrivers/sys_utils.o
                0x000010a2                TimerDispatch
 .text.UARTInit
                0x000010ec      0x13c ./lpcdrivers/uart_al.o
                0x000010ec                UARTInit
 .text.UARTInitTxBuf
                0x00001228       0x22 ./lpcdrivers/uart_al.o
                0x00001228                UARTInitTxBuf
 .text.UARTInitRxBuf
                0x0000124a       0x22 ./lpcdrivers/uart_al.o
                0x0000124a                UARTInitRxBuf
 .text.UARTInitDMA
                0x0000126c       0x64 ./lpcdrivers/uart_al.o
                0x0000126c                UARTInitDMA
 .text.UARTFillTxFIFO
                0x000012d0       0x6a ./lpcdrivers/uart_al.o
 *fill*         0x0000133a        0x2 ff
 .text.UARTTransmitIbDMA
                0x0000133c       0xc8 ./lpcdrivers/uart_al.o
                0x0000133c                UARTTransmitIbDMA
 .text.UARTReceiveIbDMA
                0x00001404       0x18 ./lpcdrivers/uart_al.o
                0x00001404                UARTReceiveIbDMA
 .text.UARTIsrHandler
                0x0000141c      0x1b8 ./lpcdrivers/uart_al.o
                0x0000141c                UARTIsrHandler
 .text.CLKPWR_GetPCLKSEL
                0x000015d4       0x48 ./Drivers/lpc17xx_clkpwr.o
                0x000015d4                CLKPWR_GetPCLKSEL
 .text.CLKPWR_GetPCLK
                0x0000161c       0x64 ./Drivers/lpc17xx_clkpwr.o
                0x0000161c                CLKPWR_GetPCLK
 .text.CLKPWR_ConfigPPWR
                0x00001680       0x58 ./Drivers/lpc17xx_clkpwr.o
                0x00001680                CLKPWR_ConfigPPWR
 .text.GPDMA_Init
                0x000016d8       0x74 ./Drivers/lpc17xx_gpdma.o
                0x000016d8                GPDMA_Init
 .text.GPDMA_Setup
                0x0000174c      0x328 ./Drivers/lpc17xx_gpdma.o
                0x0000174c                GPDMA_Setup
 .text.GPDMA_ChannelCmd
                0x00001a74       0x48 ./Drivers/lpc17xx_gpdma.o
                0x00001a74                GPDMA_ChannelCmd
 .text.GPIO_GetPointer
                0x00001abc       0x70 ./Drivers/lpc17xx_gpio.o
 .text.GPIO_SetDir
                0x00001b2c       0x4a ./Drivers/lpc17xx_gpio.o
                0x00001b2c                GPIO_SetDir
 .text.GPIO_SetValue
                0x00001b76       0x2a ./Drivers/lpc17xx_gpio.o
                0x00001b76                GPIO_SetValue
 .text.check_failed
                0x00001ba0        0xc ./Drivers/lpc17xx_libcfg_default.o
                0x00001ba0                check_failed
 .text.set_PinFunc
                0x00001bac       0x80 ./Drivers/lpc17xx_pinsel.o
 .text.set_ResistorMode
                0x00001c2c       0x80 ./Drivers/lpc17xx_pinsel.o
 .text.set_OpenDrainMode
                0x00001cac       0x68 ./Drivers/lpc17xx_pinsel.o
 .text.PINSEL_ConfigPin
                0x00001d14       0x46 ./Drivers/lpc17xx_pinsel.o
                0x00001d14                PINSEL_ConfigPin
 *fill*         0x00001d5a        0x2 ff
 .text.SYSTICK_InternalInit
                0x00001d5c       0x7c ./Drivers/lpc17xx_systick.o
                0x00001d5c                SYSTICK_InternalInit
 .text.SYSTICK_Cmd
                0x00001dd8       0x50 ./Drivers/lpc17xx_systick.o
                0x00001dd8                SYSTICK_Cmd
 .text.SYSTICK_IntCmd
                0x00001e28       0x50 ./Drivers/lpc17xx_systick.o
                0x00001e28                SYSTICK_IntCmd
 .text.uart_set_divisors
                0x00001e78      0x2dc ./Drivers/lpc17xx_uart.o
 .text.UART_Init
                0x00002154      0x2e4 ./Drivers/lpc17xx_uart.o
                0x00002154                UART_Init
 .text.UART_TxCmd
                0x00002438       0xc8 ./Drivers/lpc17xx_uart.o
                0x00002438                UART_TxCmd
 .text.SystemInit
                0x00002500      0x140 ./BSP/system_LPC17xx.o
                0x00002500                SystemInit
 .text.__weak_main
                0x00002640        0x4 c:/nxp/mcuxpressoide_11.5.0_7232/ide/plugins/com.nxp.mcuxpresso.tools.win32_11.5.0.202107051138/tools/bin/../lib/gcc/arm-none-eabi/10.3.1/../../../../arm-none-eabi/lib/thumb/v7-m/nofp\libcr_c.a(__weak__main.o)
                0x00002640                __weak_main
                0x00002640                __main
 .text.__aeabi_division_uldivmod
                0x00002644      0x174 c:/nxp/mcuxpressoide_11.5.0_7232/ide/plugins/com.nxp.mcuxpresso.tools.win32_11.5.0.202107051138/tools/bin/../lib/gcc/arm-none-eabi/10.3.1/thumb/v7-m/nofp\libcr_eabihelpers.a(division_64.o)
                0x00002644                __aeabi_uldivmod
                0x00002648                __bhs_ldivmod1
 .text.__aeabi_division_idiv0
                0x000027b8        0x2 c:/nxp/mcuxpressoide_11.5.0_7232/ide/plugins/com.nxp.mcuxpresso.tools.win32_11.5.0.202107051138/tools/bin/../lib/gcc/arm-none-eabi/10.3.1/thumb/v7-m/nofp\libcr_eabihelpers.a(division_idiv0.o)
                0x000027b8                __aeabi_idiv0
 .text.__bhs_ui2f
                0x000027ba       0x26 c:/nxp/mcuxpressoide_11.5.0_7232/ide/plugins/com.nxp.mcuxpresso.tools.win32_11.5.0.202107051138/tools/bin/../lib/gcc/arm-none-eabi/10.3.1/thumb/v7-m/nofp\libcr_eabihelpers.a(float.o)
                0x000027ba                __bhs_ui2f
 .text.__aeabi_ui2f
                0x000027e0        0x8 c:/nxp/mcuxpressoide_11.5.0_7232/ide/plugins/com.nxp.mcuxpresso.tools.win32_11.5.0.202107051138/tools/bin/../lib/gcc/arm-none-eabi/10.3.1/thumb/v7-m/nofp\libcr_eabihelpers.a(float.o)
                0x000027e0                __aeabi_ui2f
 .text.__aeabi_fcmplt
                0x000027e8       0x3a c:/nxp/mcuxpressoide_11.5.0_7232/ide/plugins/com.nxp.mcuxpresso.tools.win32_11.5.0.202107051138/tools/bin/../lib/gcc/arm-none-eabi/10.3.1/thumb/v7-m/nofp\libcr_eabihelpers.a(float.o)
                0x000027e8                __aeabi_fcmplt
 *(.rodata .rodata.* .constdata .constdata.*)
 *fill*         0x00002822        0x2 ff
 .rodata.auchCRCHi_exp
                0x00002824      0x100 ./modbus/Modbus.o
                0x00002824                auchCRCHi_exp
 .rodata.auchCRCLo_exp
                0x00002924      0x100 ./modbus/Modbus.o
                0x00002924                auchCRCLo_exp
 .rodata.GPDMA_LUTPerBurst
                0x00002a24       0x18 ./Drivers/lpc17xx_gpdma.o
                0x00002a24                GPDMA_LUTPerBurst
 .rodata.GPDMA_LUTPerWid
                0x00002a3c       0x18 ./Drivers/lpc17xx_gpdma.o
                0x00002a3c                GPDMA_LUTPerWid
 .rodata.SYSTICK_Cmd.str1.4
                0x00002a54       0x12 ./Drivers/lpc17xx_systick.o
 *fill*         0x00002a66        0x2 ff
 .rodata.UART_Init.str1.4
                0x00002a68        0xf ./Drivers/lpc17xx_uart.o
                0x00002a78                . = ALIGN (0x4)
 *fill*         0x00002a77        0x1 ff

.glue_7         0x00002a78        0x0
 .glue_7        0x00002a78        0x0 linker stubs

.glue_7t        0x00002a78        0x0
 .glue_7t       0x00002a78        0x0 linker stubs

.vfp11_veneer   0x00002a78        0x0
 .vfp11_veneer  0x00002a78        0x0 linker stubs

.v4_bx          0x00002a78        0x0
 .v4_bx         0x00002a78        0x0 linker stubs

.iplt           0x00002a78        0x0
 .iplt          0x00002a78        0x0 ./src/main.o

.rel.dyn        0x00002a78        0x0
 .rel.iplt      0x00002a78        0x0 ./src/main.o

.ARM.extab
 *(.ARM.extab* .gnu.linkonce.armextab.*)

.ARM.exidx      0x00002a78        0x0
                0x00002a78                __exidx_start = .
 *(.ARM.exidx* .gnu.linkonce.armexidx.*)
                0x00002a78                __exidx_end = .
                0x00002a78                _etext = .

.data_RAM2      0x2007c000        0x0 load address 0x00002a78
 FILL mask 0xff
                [!provide]                PROVIDE (__start_data_RAM2 = .)
                [!provide]                PROVIDE (__start_data_RamAHB32 = .)
 *(.ramfunc.$RAM2)
 *(.ramfunc.$RamAHB32)
 *(.data.$RAM2)
 *(.data.$RamAHB32)
 *(.data.$RAM2.*)
 *(.data.$RamAHB32.*)
                0x2007c000                . = ALIGN (0x4)
                [!provide]                PROVIDE (__end_data_RAM2 = .)
                [!provide]                PROVIDE (__end_data_RamAHB32 = .)

.uninit_RESERVED
                0x10000000        0x0
                0x10000000                _start_uninit_RESERVED = .
 *(.bss.$RESERVED*)
                0x10000000                . = ALIGN (0x4)
                0x10000000                _end_uninit_RESERVED = .

.data           0x10000000       0x84 load address 0x00002a78
 FILL mask 0xff
                0x10000000                _data = .
                [!provide]                PROVIDE (__start_data_RAM = .)
                [!provide]                PROVIDE (__start_data_RamLoc32 = .)
 *(vtable)
 *(.ramfunc*)
 *(CodeQuickAccess)
 *(DataQuickAccess)
 *(RamFunction)
 *(.data*)
 .data.GPDMA_LUTPerAddr
                0x10000000       0x60 ./Drivers/lpc17xx_gpdma.o
                0x10000000                GPDMA_LUTPerAddr
 .data.pGPDMACh
                0x10000060       0x20 ./Drivers/lpc17xx_gpdma.o
                0x10000060                pGPDMACh
 .data.SystemCoreClock
                0x10000080        0x4 ./BSP/system_LPC17xx.o
                0x10000080                SystemCoreClock
                0x10000084                . = ALIGN (0x4)
                0x10000084                _edata = .
                [!provide]                PROVIDE (__end_data_RAM = .)
                [!provide]                PROVIDE (__end_data_RamLoc32 = .)

.igot.plt       0x10000084        0x0 load address 0x00002afc
 .igot.plt      0x10000084        0x0 ./src/main.o

.bss_RAM2       0x2007c000        0x0
                [!provide]                PROVIDE (__start_bss_RAM2 = .)
                [!provide]                PROVIDE (__start_bss_RamAHB32 = .)
 *(.bss.$RAM2)
 *(.bss.$RamAHB32)
 *(.bss.$RAM2.*)
 *(.bss.$RamAHB32.*)
                0x2007c000                . = ALIGN ((. != 0x0)?0x4:0x1)
                [!provide]                PROVIDE (__end_bss_RAM2 = .)
                [!provide]                PROVIDE (__end_bss_RamAHB32 = .)

.bss            0x10000084      0x5a0
                0x10000084                _bss = .
                [!provide]                PROVIDE (__start_bss_RAM = .)
                [!provide]                PROVIDE (__start_bss_RamLoc32 = .)
 *(.bss*)
 .bss.DeviceData
                0x10000084      0x320 ./src/fd2930.o
                0x10000084                DeviceData
 .bss.Uart      0x100003a4       0x44 ./src/main.o
                0x100003a4                Uart
 .bss.RxBuf     0x100003e8      0x100 ./src/main.o
                0x100003e8                RxBuf
 .bss.TxBuf     0x100004e8      0x100 ./src/main.o
                0x100004e8                TxBuf
 .bss.Modbus    0x100005e8       0x3c ./src/main.o
                0x100005e8                Modbus
 *(COMMON)
                0x10000624                . = ALIGN (0x4)
                0x10000624                _ebss = .
                [!provide]                PROVIDE (__end_bss_RAM = .)
                [!provide]                PROVIDE (__end_bss_RamLoc32 = .)
                [!provide]                PROVIDE (end = .)

.noinit_RAM2    0x2007c000        0x0
                [!provide]                PROVIDE (__start_noinit_RAM2 = .)
                [!provide]                PROVIDE (__start_noinit_RamAHB32 = .)
 *(.noinit.$RAM2)
 *(.noinit.$RamAHB32)
 *(.noinit.$RAM2.*)
 *(.noinit.$RamAHB32.*)
                0x2007c000                . = ALIGN (0x4)
                [!provide]                PROVIDE (__end_noinit_RAM2 = .)
                [!provide]                PROVIDE (__end_noinit_RamAHB32 = .)

.noinit         0x10000624        0x0
                0x10000624                _noinit = .
                [!provide]                PROVIDE (__start_noinit_RAM = .)
                [!provide]                PROVIDE (__start_noinit_RamLoc32 = .)
 *(.noinit*)
                0x10000624                . = ALIGN (0x4)
                0x10000624                _end_noinit = .
                [!provide]                PROVIDE (__end_noinit_RAM = .)
                [!provide]                PROVIDE (__end_noinit_RamLoc32 = .)
                0x10000624                PROVIDE (_pvHeapStart = DEFINED (__user_heap_base)?__user_heap_base:.)
                0x10008000                PROVIDE (_vStackTop = DEFINED (__user_stack_top)?__user_stack_top:(__top_RamLoc32 - 0x0))
                0xefff74da                PROVIDE (__valid_user_code_checksum = (0x0 - ((((((_vStackTop + (ResetISR + 0x1)) + (NMI_Handler + 0x1)) + (HardFault_Handler + 0x1)) + (DEFINED (MemManage_Handler)?MemManage_Handler:0x0 + 0x1)) + (DEFINED (BusFault_Handler)?BusFault_Handler:0x0 + 0x1)) + (DEFINED (UsageFault_Handler)?UsageFault_Handler:0x0 + 0x1))))
                0x00000000                _image_start = LOADADDR (.text)
                0x00002afc                _image_end = (LOADADDR (.data) + SIZEOF (.data))
                0x00002afc                _image_size = (_image_end - _image_start)
OUTPUT(FD2930_MCUX.axf elf32-littlearm)
LOAD linker stubs

.debug_info     0x00000000     0x80fa
 .debug_info    0x00000000      0x350 ./src/fd2930.o
 .debug_info    0x00000350     0x15e9 ./src/main.o
 .debug_info    0x00001939      0xd5c ./modbus/Modbus.o
 .debug_info    0x00002695      0x1e8 ./lpcdrivers/sys_utils.o
 .debug_info    0x0000287d     0x137a ./lpcdrivers/uart_al.o
 .debug_info    0x00003bf7      0x69c ./Drivers/lpc17xx_clkpwr.o
 .debug_info    0x00004293     0x105e ./Drivers/lpc17xx_gpdma.o
 .debug_info    0x000052f1      0xdc9 ./Drivers/lpc17xx_gpio.o
 .debug_info    0x000060ba       0xca ./Drivers/lpc17xx_libcfg_default.o
 .debug_info    0x00006184      0x479 ./Drivers/lpc17xx_pinsel.o
 .debug_info    0x000065fd      0x21b ./Drivers/lpc17xx_systick.o
 .debug_info    0x00006818     0x12fc ./Drivers/lpc17xx_uart.o
 .debug_info    0x00007b14      0x27f ./BSP/cr_startup_lpc175x_6x.o
 .debug_info    0x00007d93       0x40 ./BSP/crp.o
 .debug_info    0x00007dd3      0x327 ./BSP/system_LPC17xx.o

.debug_abbrev   0x00000000     0x17fc
 .debug_abbrev  0x00000000       0x9d ./src/fd2930.o
 .debug_abbrev  0x0000009d      0x2fc ./src/main.o
 .debug_abbrev  0x00000399      0x2be ./modbus/Modbus.o
 .debug_abbrev  0x00000657      0x114 ./lpcdrivers/sys_utils.o
 .debug_abbrev  0x0000076b      0x297 ./lpcdrivers/uart_al.o
 .debug_abbrev  0x00000a02      0x1e7 ./Drivers/lpc17xx_clkpwr.o
 .debug_abbrev  0x00000be9      0x23f ./Drivers/lpc17xx_gpdma.o
 .debug_abbrev  0x00000e28      0x248 ./Drivers/lpc17xx_gpio.o
 .debug_abbrev  0x00001070       0x72 ./Drivers/lpc17xx_libcfg_default.o
 .debug_abbrev  0x000010e2      0x148 ./Drivers/lpc17xx_pinsel.o
 .debug_abbrev  0x0000122a      0x147 ./Drivers/lpc17xx_systick.o
 .debug_abbrev  0x00001371      0x23d ./Drivers/lpc17xx_uart.o
 .debug_abbrev  0x000015ae      0x122 ./BSP/cr_startup_lpc175x_6x.o
 .debug_abbrev  0x000016d0       0x38 ./BSP/crp.o
 .debug_abbrev  0x00001708       0xf4 ./BSP/system_LPC17xx.o

.debug_aranges  0x00000000      0x5e0
 .debug_aranges
                0x00000000       0x18 ./src/fd2930.o
 .debug_aranges
                0x00000018       0x60 ./src/main.o
 .debug_aranges
                0x00000078       0x60 ./modbus/Modbus.o
 .debug_aranges
                0x000000d8       0x48 ./lpcdrivers/sys_utils.o
 .debug_aranges
                0x00000120       0xc0 ./lpcdrivers/uart_al.o
 .debug_aranges
                0x000001e0       0x58 ./Drivers/lpc17xx_clkpwr.o
 .debug_aranges
                0x00000238       0x40 ./Drivers/lpc17xx_gpdma.o
 .debug_aranges
                0x00000278       0xf8 ./Drivers/lpc17xx_gpio.o
 .debug_aranges
                0x00000370       0x20 ./Drivers/lpc17xx_libcfg_default.o
 .debug_aranges
                0x00000390       0x48 ./Drivers/lpc17xx_pinsel.o
 .debug_aranges
                0x000003d8       0x48 ./Drivers/lpc17xx_systick.o
 .debug_aranges
                0x00000420      0x100 ./Drivers/lpc17xx_uart.o
 .debug_aranges
                0x00000520       0x80 ./BSP/cr_startup_lpc175x_6x.o
 .debug_aranges
                0x000005a0       0x18 ./BSP/crp.o
 .debug_aranges
                0x000005b8       0x28 ./BSP/system_LPC17xx.o

.debug_macro    0x00000000     0x2697
 .debug_macro   0x00000000       0x9e ./src/fd2930.o
 .debug_macro   0x0000009e       0x1c ./src/fd2930.o
 .debug_macro   0x000000ba      0x2c7 ./src/fd2930.o
 .debug_macro   0x00000381       0x16 ./src/fd2930.o
 .debug_macro   0x00000397       0x10 ./src/fd2930.o
 .debug_macro   0x000003a7       0xbe ./src/fd2930.o
 .debug_macro   0x00000465      0x13d ./src/main.o
 .debug_macro   0x000005a2       0x82 ./src/main.o
 .debug_macro   0x00000624       0x46 ./src/main.o
 .debug_macro   0x0000066a      0x2a7 ./src/main.o
 .debug_macro   0x00000911      0x344 ./src/main.o
 .debug_macro   0x00000c55       0xef ./src/main.o
 .debug_macro   0x00000d44       0x28 ./src/main.o
 .debug_macro   0x00000d6c       0x46 ./src/main.o
 .debug_macro   0x00000db2      0x146 ./src/main.o
 .debug_macro   0x00000ef8      0x387 ./src/main.o
 .debug_macro   0x0000127f       0x4c ./src/main.o
 .debug_macro   0x000012cb       0x34 ./src/main.o
 .debug_macro   0x000012ff       0x22 ./src/main.o
 .debug_macro   0x00001321       0x22 ./src/main.o
 .debug_macro   0x00001343       0x88 ./src/main.o
 .debug_macro   0x000013cb       0xc4 ./modbus/Modbus.o
 .debug_macro   0x0000148f       0x1c ./modbus/Modbus.o
 .debug_macro   0x000014ab       0x46 ./modbus/Modbus.o
 .debug_macro   0x000014f1       0x88 ./modbus/Modbus.o
 .debug_macro   0x00001579       0x4c ./lpcdrivers/sys_utils.o
 .debug_macro   0x000015c5       0xd9 ./lpcdrivers/uart_al.o
 .debug_macro   0x0000169e       0x16 ./lpcdrivers/uart_al.o
 .debug_macro   0x000016b4       0x5f ./lpcdrivers/uart_al.o
 .debug_macro   0x00001713      0x2f6 ./lpcdrivers/uart_al.o
 .debug_macro   0x00001a09       0x90 ./Drivers/lpc17xx_clkpwr.o
 .debug_macro   0x00001a99       0xa2 ./Drivers/lpc17xx_gpdma.o
 .debug_macro   0x00001b3b      0x2aa ./Drivers/lpc17xx_gpdma.o
 .debug_macro   0x00001de5       0x99 ./Drivers/lpc17xx_gpio.o
 .debug_macro   0x00001e7e       0x40 ./Drivers/lpc17xx_gpio.o
 .debug_macro   0x00001ebe       0x5a ./Drivers/lpc17xx_libcfg_default.o
 .debug_macro   0x00001f18       0xd5 ./Drivers/lpc17xx_libcfg_default.o
 .debug_macro   0x00001fed       0x90 ./Drivers/lpc17xx_pinsel.o
 .debug_macro   0x0000207d       0xa2 ./Drivers/lpc17xx_systick.o
 .debug_macro   0x0000211f       0xa2 ./Drivers/lpc17xx_uart.o
 .debug_macro   0x000021c1      0x33e ./Drivers/lpc17xx_uart.o
 .debug_macro   0x000024ff       0x1d ./BSP/cr_startup_lpc175x_6x.o
 .debug_macro   0x0000251c       0x1a ./BSP/crp.o
 .debug_macro   0x00002536       0x34 ./BSP/crp.o
 .debug_macro   0x0000256a      0x12d ./BSP/system_LPC17xx.o

.debug_line     0x00000000     0x4b68
 .debug_line    0x00000000      0x259 ./src/fd2930.o
 .debug_line    0x00000259      0x6b2 ./src/main.o
 .debug_line    0x0000090b      0x9fa ./modbus/Modbus.o
 .debug_line    0x00001305      0x294 ./lpcdrivers/sys_utils.o
 .debug_line    0x00001599      0x9b6 ./lpcdrivers/uart_al.o
 .debug_line    0x00001f4f      0x3a9 ./Drivers/lpc17xx_clkpwr.o
 .debug_line    0x000022f8      0x59b ./Drivers/lpc17xx_gpdma.o
 .debug_line    0x00002893      0x6ee ./Drivers/lpc17xx_gpio.o
 .debug_line    0x00002f81      0x1b7 ./Drivers/lpc17xx_libcfg_default.o
 .debug_line    0x00003138      0x32d ./Drivers/lpc17xx_pinsel.o
 .debug_line    0x00003465      0x352 ./Drivers/lpc17xx_systick.o
 .debug_line    0x000037b7      0xda6 ./Drivers/lpc17xx_uart.o
 .debug_line    0x0000455d      0x15f ./BSP/cr_startup_lpc175x_6x.o
 .debug_line    0x000046bc       0xb1 ./BSP/crp.o
 .debug_line    0x0000476d      0x3fb ./BSP/system_LPC17xx.o

.debug_str      0x00000000    0x14177
 .debug_str     0x00000000     0xa2dd ./src/fd2930.o
                               0xa35e (size before relaxing)
 .debug_str     0x0000a2dd     0x5af4 ./src/main.o
                               0xfe7d (size before relaxing)
 .debug_str     0x0000fdd1      0x14a ./modbus/Modbus.o
                               0xa9a8 (size before relaxing)
 .debug_str     0x0000ff1b       0x6f ./lpcdrivers/sys_utils.o
                               0x44a2 (size before relaxing)
 .debug_str     0x0000ff8a     0x2883 ./lpcdrivers/uart_al.o
                               0xe646 (size before relaxing)
 .debug_str     0x0001280d      0x1e8 ./Drivers/lpc17xx_clkpwr.o
                               0xb31b (size before relaxing)
 .debug_str     0x000129f5      0x480 ./Drivers/lpc17xx_gpdma.o
                               0xcb2d (size before relaxing)
 .debug_str     0x00012e75      0x2fd ./Drivers/lpc17xx_gpio.o
                               0xa666 (size before relaxing)
 .debug_str     0x00013172       0x36 ./Drivers/lpc17xx_libcfg_default.o
                               0x46e1 (size before relaxing)
 .debug_str     0x000131a8      0x206 ./Drivers/lpc17xx_pinsel.o
                               0xa58d (size before relaxing)
 .debug_str     0x000133ae       0xbd ./Drivers/lpc17xx_systick.o
                               0xb48a (size before relaxing)
 .debug_str     0x0001346b      0x791 ./Drivers/lpc17xx_uart.o
                               0xd34f (size before relaxing)
 .debug_str     0x00013bfc      0x1b2 ./BSP/cr_startup_lpc175x_6x.o
                               0x2eb9 (size before relaxing)
 .debug_str     0x00013dae       0xe9 ./BSP/crp.o
                               0x2dda (size before relaxing)
 .debug_str     0x00013e97      0x2e0 ./BSP/system_LPC17xx.o
                               0xa10e (size before relaxing)

.comment        0x00000000       0x49
 .comment       0x00000000       0x49 ./src/fd2930.o
                                 0x4a (size before relaxing)
 .comment       0x00000049       0x4a ./src/main.o
 .comment       0x00000049       0x4a ./modbus/Modbus.o
 .comment       0x00000049       0x4a ./lpcdrivers/sys_utils.o
 .comment       0x00000049       0x4a ./lpcdrivers/uart_al.o
 .comment       0x00000049       0x4a ./Drivers/lpc17xx_clkpwr.o
 .comment       0x00000049       0x4a ./Drivers/lpc17xx_gpdma.o
 .comment       0x00000049       0x4a ./Drivers/lpc17xx_gpio.o
 .comment       0x00000049       0x4a ./Drivers/lpc17xx_libcfg_default.o
 .comment       0x00000049       0x4a ./Drivers/lpc17xx_pinsel.o
 .comment       0x00000049       0x4a ./Drivers/lpc17xx_systick.o
 .comment       0x00000049       0x4a ./Drivers/lpc17xx_uart.o
 .comment       0x00000049       0x4a ./BSP/cr_startup_lpc175x_6x.o
 .comment       0x00000049       0x4a ./BSP/crp.o
 .comment       0x00000049       0x4a ./BSP/system_LPC17xx.o
 .comment       0x00000049       0x4a c:/nxp/mcuxpressoide_11.5.0_7232/ide/plugins/com.nxp.mcuxpresso.tools.win32_11.5.0.202107051138/tools/bin/../lib/gcc/arm-none-eabi/10.3.1/../../../../arm-none-eabi/lib/thumb/v7-m/nofp\libcr_c.a(__weak__main.o)
 .comment       0x00000049       0x4a c:/nxp/mcuxpressoide_11.5.0_7232/ide/plugins/com.nxp.mcuxpresso.tools.win32_11.5.0.202107051138/tools/bin/../lib/gcc/arm-none-eabi/10.3.1/thumb/v7-m/nofp\libcr_eabihelpers.a(float.o)

.ARM.attributes
                0x00000000       0x31
 .ARM.attributes
                0x00000000       0x33 ./src/fd2930.o
 .ARM.attributes
                0x00000033       0x2d ./src/main.o
 .ARM.attributes
                0x00000060       0x2d ./modbus/Modbus.o
 .ARM.attributes
                0x0000008d       0x2d ./lpcdrivers/sys_utils.o
 .ARM.attributes
                0x000000ba       0x2d ./lpcdrivers/uart_al.o
 .ARM.attributes
                0x000000e7       0x2d ./Drivers/lpc17xx_clkpwr.o
 .ARM.attributes
                0x00000114       0x2d ./Drivers/lpc17xx_gpdma.o
 .ARM.attributes
                0x00000141       0x2d ./Drivers/lpc17xx_gpio.o
 .ARM.attributes
                0x0000016e       0x2d ./Drivers/lpc17xx_libcfg_default.o
 .ARM.attributes
                0x0000019b       0x2d ./Drivers/lpc17xx_pinsel.o
 .ARM.attributes
                0x000001c8       0x2d ./Drivers/lpc17xx_systick.o
 .ARM.attributes
                0x000001f5       0x2d ./Drivers/lpc17xx_uart.o
 .ARM.attributes
                0x00000222       0x2d ./BSP/cr_startup_lpc175x_6x.o
 .ARM.attributes
                0x0000024f       0x33 ./BSP/crp.o
 .ARM.attributes
                0x00000282       0x2d ./BSP/system_LPC17xx.o
 .ARM.attributes
                0x000002af       0x2d c:/nxp/mcuxpressoide_11.5.0_7232/ide/plugins/com.nxp.mcuxpresso.tools.win32_11.5.0.202107051138/tools/bin/../lib/gcc/arm-none-eabi/10.3.1/../../../../arm-none-eabi/lib/thumb/v7-m/nofp\libcr_c.a(__weak__main.o)
 .ARM.attributes
                0x000002dc       0x1b c:/nxp/mcuxpressoide_11.5.0_7232/ide/plugins/com.nxp.mcuxpresso.tools.win32_11.5.0.202107051138/tools/bin/../lib/gcc/arm-none-eabi/10.3.1/thumb/v7-m/nofp\libcr_eabihelpers.a(division_64.o)
 .ARM.attributes
                0x000002f7       0x1b c:/nxp/mcuxpressoide_11.5.0_7232/ide/plugins/com.nxp.mcuxpresso.tools.win32_11.5.0.202107051138/tools/bin/../lib/gcc/arm-none-eabi/10.3.1/thumb/v7-m/nofp\libcr_eabihelpers.a(division_idiv0.o)
 .ARM.attributes
                0x00000312       0x2d c:/nxp/mcuxpressoide_11.5.0_7232/ide/plugins/com.nxp.mcuxpresso.tools.win32_11.5.0.202107051138/tools/bin/../lib/gcc/arm-none-eabi/10.3.1/thumb/v7-m/nofp\libcr_eabihelpers.a(float.o)

.debug_ranges   0x00000000      0x4e0
 .debug_ranges  0x00000000       0x50 ./src/main.o
 .debug_ranges  0x00000050       0x50 ./modbus/Modbus.o
 .debug_ranges  0x000000a0       0x38 ./lpcdrivers/sys_utils.o
 .debug_ranges  0x000000d8       0xb0 ./lpcdrivers/uart_al.o
 .debug_ranges  0x00000188       0x48 ./Drivers/lpc17xx_clkpwr.o
 .debug_ranges  0x000001d0       0x30 ./Drivers/lpc17xx_gpdma.o
 .debug_ranges  0x00000200       0xe8 ./Drivers/lpc17xx_gpio.o
 .debug_ranges  0x000002e8       0x10 ./Drivers/lpc17xx_libcfg_default.o
 .debug_ranges  0x000002f8       0x38 ./Drivers/lpc17xx_pinsel.o
 .debug_ranges  0x00000330       0x38 ./Drivers/lpc17xx_systick.o
 .debug_ranges  0x00000368       0xf0 ./Drivers/lpc17xx_uart.o
 .debug_ranges  0x00000458       0x70 ./BSP/cr_startup_lpc175x_6x.o
 .debug_ranges  0x000004c8       0x18 ./BSP/system_LPC17xx.o

.debug_frame    0x00000000     0x1528
 .debug_frame   0x00000000      0x14c ./src/main.o
 .debug_frame   0x0000014c      0x170 ./modbus/Modbus.o
 .debug_frame   0x000002bc       0xf8 ./lpcdrivers/sys_utils.o
 .debug_frame   0x000003b4      0x334 ./lpcdrivers/uart_al.o
 .debug_frame   0x000006e8      0x12c ./Drivers/lpc17xx_clkpwr.o
 .debug_frame   0x00000814       0xc4 ./Drivers/lpc17xx_gpdma.o
 .debug_frame   0x000008d8      0x428 ./Drivers/lpc17xx_gpio.o
 .debug_frame   0x00000d00       0x2c ./Drivers/lpc17xx_libcfg_default.o
 .debug_frame   0x00000d2c       0xfc ./Drivers/lpc17xx_pinsel.o
 .debug_frame   0x00000e28       0xe0 ./Drivers/lpc17xx_systick.o
 .debug_frame   0x00000f08      0x44c ./Drivers/lpc17xx_uart.o
 .debug_frame   0x00001354      0x170 ./BSP/cr_startup_lpc175x_6x.o
 .debug_frame   0x000014c4       0x64 ./BSP/system_LPC17xx.o

Cross Reference Table

Symbol                                            File
ADCGetDataSingleChannel                           ./lpcdrivers/adc_al.o
ADCInit                                           ./lpcdrivers/adc_al.o
ADC_BurstCmd                                      ./Drivers/lpc17xx_adc.o
ADC_ChannelCmd                                    ./Drivers/lpc17xx_adc.o
ADC_ChannelGetData                                ./Drivers/lpc17xx_adc.o
ADC_ChannelGetStatus                              ./Drivers/lpc17xx_adc.o
ADC_DeInit                                        ./Drivers/lpc17xx_adc.o
ADC_EdgeStartConfig                               ./Drivers/lpc17xx_adc.o
ADC_GetData                                       ./Drivers/lpc17xx_adc.o
ADC_GlobalGetData                                 ./Drivers/lpc17xx_adc.o
ADC_GlobalGetStatus                               ./Drivers/lpc17xx_adc.o
ADC_IRQHandler                                    ./BSP/cr_startup_lpc175x_6x.o
ADC_Init                                          ./Drivers/lpc17xx_adc.o
                                                  ./lpcdrivers/adc_al.o
ADC_IntConfig                                     ./Drivers/lpc17xx_adc.o
ADC_PowerdownCmd                                  ./Drivers/lpc17xx_adc.o
ADC_StartCmd                                      ./Drivers/lpc17xx_adc.o
AppRTCTaskGetTime                                 ./Drivers/rtc_cal.o
AppRTCTaskInit                                    ./Drivers/rtc_cal.o
BOD_IRQHandler                                    ./BSP/cr_startup_lpc175x_6x.o
BlankCheckSector                                  ./Drivers/lpc17xx_iap.o
BuildCRC                                          ./modbus/Modbus.o
BusFault_Handler                                  ./BSP/cr_startup_lpc175x_6x.o
CANActivity_IRQHandler                            ./BSP/cr_startup_lpc175x_6x.o
CAN_IRQHandler                                    ./BSP/cr_startup_lpc175x_6x.o
CLKPWR_ConfigPPWR                                 ./Drivers/lpc17xx_clkpwr.o
                                                  ./Drivers/lpc17xx_uart.o
                                                  ./Drivers/lpc17xx_timer.o
                                                  ./Drivers/lpc17xx_ssp.o
                                                  ./Drivers/lpc17xx_spi.o
                                                  ./Drivers/lpc17xx_rtc.o
                                                  ./Drivers/lpc17xx_rit.o
                                                  ./Drivers/lpc17xx_pwm.o
                                                  ./Drivers/lpc17xx_gpdma.o
                                                  ./Drivers/lpc17xx_adc.o
CLKPWR_DeepPowerDown                              ./Drivers/lpc17xx_clkpwr.o
CLKPWR_DeepSleep                                  ./Drivers/lpc17xx_clkpwr.o
CLKPWR_GetPCLK                                    ./Drivers/lpc17xx_clkpwr.o
                                                  ./Drivers/lpc17xx_uart.o
                                                  ./Drivers/lpc17xx_timer.o
                                                  ./Drivers/lpc17xx_ssp.o
                                                  ./Drivers/lpc17xx_spi.o
                                                  ./Drivers/lpc17xx_rit.o
                                                  ./Drivers/lpc17xx_pwm.o
                                                  ./Drivers/lpc17xx_adc.o
                                                  ./lpcdrivers/uart_al.o
CLKPWR_GetPCLKSEL                                 ./Drivers/lpc17xx_clkpwr.o
CLKPWR_PowerDown                                  ./Drivers/lpc17xx_clkpwr.o
CLKPWR_SetPCLKDiv                                 ./Drivers/lpc17xx_clkpwr.o
                                                  ./Drivers/lpc17xx_timer.o
                                                  ./Drivers/lpc17xx_pwm.o
                                                  ./fat_sd/diskio.o
CLKPWR_Sleep                                      ./Drivers/lpc17xx_clkpwr.o
CRP_WORD                                          ./BSP/crp.o
Compare                                           ./Drivers/lpc17xx_iap.o
CopyRAM2Flash                                     ./Drivers/lpc17xx_iap.o
DMAAllocChannel                                   ./Drivers/dma.o
DMADrvDat                                         ./Drivers/dma.o
DMAFreeChannel                                    ./Drivers/dma.o
DMAInit                                           ./Drivers/dma.o
DMAStartTransfer                                  ./Drivers/dma.o
DMA_IRQHandler                                    ./BSP/cr_startup_lpc175x_6x.o
DebugMon_Handler                                  ./BSP/cr_startup_lpc175x_6x.o
DeviceData                                        ./src/fd2930.o
                                                  ./src/main.o
EINT0_IRQHandler                                  ./BSP/cr_startup_lpc175x_6x.o
EINT1_IRQHandler                                  ./BSP/cr_startup_lpc175x_6x.o
EINT2_IRQHandler                                  ./BSP/cr_startup_lpc175x_6x.o
EINT3_IRQHandler                                  ./BSP/cr_startup_lpc175x_6x.o
ENET_IRQHandler                                   ./BSP/cr_startup_lpc175x_6x.o
EraseSector                                       ./Drivers/lpc17xx_iap.o
FIO_ByteClearValue                                ./Drivers/lpc17xx_gpio.o
FIO_ByteReadValue                                 ./Drivers/lpc17xx_gpio.o
FIO_ByteSetDir                                    ./Drivers/lpc17xx_gpio.o
FIO_ByteSetMask                                   ./Drivers/lpc17xx_gpio.o
FIO_ByteSetValue                                  ./Drivers/lpc17xx_gpio.o
FIO_ClearInt                                      ./Drivers/lpc17xx_gpio.o
FIO_ClearValue                                    ./Drivers/lpc17xx_gpio.o
FIO_GetIntStatus                                  ./Drivers/lpc17xx_gpio.o
FIO_HalfWordClearValue                            ./Drivers/lpc17xx_gpio.o
FIO_HalfWordReadValue                             ./Drivers/lpc17xx_gpio.o
FIO_HalfWordSetDir                                ./Drivers/lpc17xx_gpio.o
FIO_HalfWordSetMask                               ./Drivers/lpc17xx_gpio.o
FIO_HalfWordSetValue                              ./Drivers/lpc17xx_gpio.o
FIO_IntCmd                                        ./Drivers/lpc17xx_gpio.o
FIO_ReadValue                                     ./Drivers/lpc17xx_gpio.o
FIO_SetDir                                        ./Drivers/lpc17xx_gpio.o
FIO_SetMask                                       ./Drivers/lpc17xx_gpio.o
FIO_SetValue                                      ./Drivers/lpc17xx_gpio.o
GPDMA_ChannelCmd                                  ./Drivers/lpc17xx_gpdma.o
                                                  ./lpcdrivers/uart_al.o
GPDMA_ClearIntPending                             ./Drivers/lpc17xx_gpdma.o
GPDMA_Init                                        ./Drivers/lpc17xx_gpdma.o
                                                  ./lpcdrivers/uart_al.o
GPDMA_IntGetStatus                                ./Drivers/lpc17xx_gpdma.o
GPDMA_LUTPerAddr                                  ./Drivers/lpc17xx_gpdma.o
GPDMA_LUTPerBurst                                 ./Drivers/lpc17xx_gpdma.o
GPDMA_LUTPerWid                                   ./Drivers/lpc17xx_gpdma.o
GPDMA_Setup                                       ./Drivers/lpc17xx_gpdma.o
                                                  ./lpcdrivers/uart_al.o
GPIO_ClearInt                                     ./Drivers/lpc17xx_gpio.o
GPIO_ClearValue                                   ./Drivers/lpc17xx_gpio.o
                                                  ./fat_sd/diskio.o
GPIO_GetIntStatus                                 ./Drivers/lpc17xx_gpio.o
GPIO_IntCmd                                       ./Drivers/lpc17xx_gpio.o
GPIO_ReadValue                                    ./Drivers/lpc17xx_gpio.o
GPIO_SetDir                                       ./Drivers/lpc17xx_gpio.o
                                                  ./fat_sd/diskio.o
                                                  ./src/main.o
GPIO_SetValue                                     ./Drivers/lpc17xx_gpio.o
                                                  ./fat_sd/diskio.o
                                                  ./src/main.o
GetSecNum                                         ./Drivers/lpc17xx_iap.o
HardFault_Handler                                 ./BSP/cr_startup_lpc175x_6x.o
I2C0_IRQHandler                                   ./BSP/cr_startup_lpc175x_6x.o
I2C1_IRQHandler                                   ./BSP/cr_startup_lpc175x_6x.o
I2C2_IRQHandler                                   ./BSP/cr_startup_lpc175x_6x.o
I2S_IRQHandler                                    ./BSP/cr_startup_lpc175x_6x.o
InBuf                                             ./src/main.o
IntDefaultHandler                                 ./BSP/cr_startup_lpc175x_6x.o
InvokeISP                                         ./Drivers/lpc17xx_iap.o
MCPWM_IRQHandler                                  ./BSP/cr_startup_lpc175x_6x.o
MemManage_Handler                                 ./BSP/cr_startup_lpc175x_6x.o
Modbus                                            ./src/main.o
ModbusIdle                                        ./modbus/Modbus.o
                                                  ./src/main.o
ModbusInit                                        ./modbus/Modbus.o
                                                  ./src/main.o
ModbusSetHoldingRegs                              ./modbus/Modbus.o
ModbusSetInputRegs                                ./modbus/Modbus.o
ModbusSetLEDPin                                   ./modbus/Modbus.o
ModbusSetReceived                                 ./modbus/Modbus.o
NMI_Handler                                       ./BSP/cr_startup_lpc175x_6x.o
NVIC_DeInit                                       ./Drivers/lpc17xx_nvic.o
NVIC_SCBDeInit                                    ./Drivers/lpc17xx_nvic.o
NVIC_SetVTOR                                      ./Drivers/lpc17xx_nvic.o
NVOL_GetVariable                                  ./Drivers/flash_nvol.o
NVOL_Init                                         ./Drivers/flash_nvol.o
NVOL_PrintDataTable                               ./Drivers/flash_nvol.o
NVOL_SetVariable                                  ./Drivers/flash_nvol.o
NVOL_SetVariableRecord                            ./Drivers/flash_nvol.o
NecProtocolInit                                   ./src/nec_protocol.o
NecProtocolResetCondition                         ./src/nec_protocol.o
NecRxData                                         ./src/nec_protocol.o
OutBuf                                            ./src/main.o
PINSEL_ConfigPin                                  ./Drivers/lpc17xx_pinsel.o
                                                  ./fat_sd/diskio.o
                                                  ./src/main.o
PINSEL_ConfigTraceFunc                            ./Drivers/lpc17xx_pinsel.o
PINSEL_SetI2C0Pins                                ./Drivers/lpc17xx_pinsel.o
PLL0_IRQHandler                                   ./BSP/cr_startup_lpc175x_6x.o
PLL1_IRQHandler                                   ./BSP/cr_startup_lpc175x_6x.o
PWM1_IRQHandler                                   ./BSP/cr_startup_lpc175x_6x.o
PWM_ChannelCmd                                    ./Drivers/lpc17xx_pwm.o
PWM_ChannelConfig                                 ./Drivers/lpc17xx_pwm.o
PWM_ClearIntPending                               ./Drivers/lpc17xx_pwm.o
PWM_Cmd                                           ./Drivers/lpc17xx_pwm.o
PWM_ConfigCapture                                 ./Drivers/lpc17xx_pwm.o
PWM_ConfigMatch                                   ./Drivers/lpc17xx_pwm.o
PWM_ConfigStructInit                              ./Drivers/lpc17xx_pwm.o
PWM_CounterCmd                                    ./Drivers/lpc17xx_pwm.o
PWM_DeInit                                        ./Drivers/lpc17xx_pwm.o
PWM_GetCaptureValue                               ./Drivers/lpc17xx_pwm.o
PWM_GetIntStatus                                  ./Drivers/lpc17xx_pwm.o
PWM_Init                                          ./Drivers/lpc17xx_pwm.o
PWM_MatchUpdate                                   ./Drivers/lpc17xx_pwm.o
PWM_MultiMatchUpdate                              ./Drivers/lpc17xx_pwm.o
PWM_ResetCounter                                  ./Drivers/lpc17xx_pwm.o
PendSV_Handler                                    ./BSP/cr_startup_lpc175x_6x.o
PrepareSector                                     ./Drivers/lpc17xx_iap.o
QEI_IRQHandler                                    ./BSP/cr_startup_lpc175x_6x.o
RIT_Cmd                                           ./Drivers/lpc17xx_rit.o
RIT_DeInit                                        ./Drivers/lpc17xx_rit.o
RIT_GetIntStatus                                  ./Drivers/lpc17xx_rit.o
RIT_IRQHandler                                    ./BSP/cr_startup_lpc175x_6x.o
RIT_Init                                          ./Drivers/lpc17xx_rit.o
RIT_TimerConfig                                   ./Drivers/lpc17xx_rit.o
RIT_TimerDebugCmd                                 ./Drivers/lpc17xx_rit.o
RTC_AlarmIntConfig                                ./Drivers/lpc17xx_rtc.o
RTC_CalibConfig                                   ./Drivers/lpc17xx_rtc.o
                                                  ./Drivers/rtc_cal.o
RTC_CalibCounterCmd                               ./Drivers/lpc17xx_rtc.o
                                                  ./Drivers/rtc_cal.o
RTC_ClearIntPending                               ./Drivers/lpc17xx_rtc.o
RTC_Cmd                                           ./Drivers/lpc17xx_rtc.o
                                                  ./Drivers/rtc_cal.o
RTC_CntIncrIntConfig                              ./Drivers/lpc17xx_rtc.o
RTC_DeInit                                        ./Drivers/lpc17xx_rtc.o
RTC_GetAlarmTime                                  ./Drivers/lpc17xx_rtc.o
RTC_GetFullAlarmTime                              ./Drivers/lpc17xx_rtc.o
RTC_GetFullTime                                   ./Drivers/lpc17xx_rtc.o
RTC_GetIntPending                                 ./Drivers/lpc17xx_rtc.o
RTC_GetTime                                       ./Drivers/lpc17xx_rtc.o
RTC_IRQHandler                                    ./BSP/cr_startup_lpc175x_6x.o
RTC_Init                                          ./Drivers/lpc17xx_rtc.o
                                                  ./Drivers/rtc_cal.o
RTC_ReadGPREG                                     ./Drivers/lpc17xx_rtc.o
RTC_ResetClockTickCounter                         ./Drivers/lpc17xx_rtc.o
                                                  ./Drivers/rtc_cal.o
RTC_SetAlarmTime                                  ./Drivers/lpc17xx_rtc.o
RTC_SetFullAlarmTime                              ./Drivers/lpc17xx_rtc.o
RTC_SetFullTime                                   ./Drivers/lpc17xx_rtc.o
                                                  ./Drivers/rtc_cal.o
RTC_SetTime                                       ./Drivers/lpc17xx_rtc.o
                                                  ./Drivers/rtc_cal.o
RTC_WriteGPREG                                    ./Drivers/lpc17xx_rtc.o
ReadBootCodeVer                                   ./Drivers/lpc17xx_iap.o
ReadDeviceSerialNum                               ./Drivers/lpc17xx_iap.o
ReadPartID                                        ./Drivers/lpc17xx_iap.o
ResetISR                                          ./BSP/cr_startup_lpc175x_6x.o
RxBuf                                             ./src/main.o
SPI_CheckStatus                                   ./Drivers/lpc17xx_spi.o
SPI_ClearIntPending                               ./Drivers/lpc17xx_spi.o
SPI_ConfigStructInit                              ./Drivers/lpc17xx_spi.o
SPI_DeInit                                        ./Drivers/lpc17xx_spi.o
SPI_GetDataSize                                   ./Drivers/lpc17xx_spi.o
SPI_GetIntStatus                                  ./Drivers/lpc17xx_spi.o
SPI_GetStatus                                     ./Drivers/lpc17xx_spi.o
SPI_IRQHandler                                    ./BSP/cr_startup_lpc175x_6x.o
SPI_Init                                          ./Drivers/lpc17xx_spi.o
SPI_IntCmd                                        ./Drivers/lpc17xx_spi.o
SPI_ReadWrite                                     ./Drivers/lpc17xx_spi.o
SPI_ReceiveData                                   ./Drivers/lpc17xx_spi.o
SPI_SendData                                      ./Drivers/lpc17xx_spi.o
SPI_SetClock                                      ./Drivers/lpc17xx_spi.o
SSP                                               ./src/main.o
SSP0_IRQHandler                                   ./BSP/cr_startup_lpc175x_6x.o
SSP1_IRQHandler                                   ./BSP/cr_startup_lpc175x_6x.o
SSPGetState                                       ./lpcdrivers/ssp_al.o
SSPInit                                           ./lpcdrivers/ssp_al.o
SSPInitCSPin                                      ./lpcdrivers/ssp_al.o
SSPInitDMA                                        ./lpcdrivers/ssp_al.o
SSPInitRxBuf                                      ./lpcdrivers/ssp_al.o
SSPInitTxBuf                                      ./lpcdrivers/ssp_al.o
SSPIsrHandler                                     ./lpcdrivers/ssp_al.o
SSPReceive                                        ./lpcdrivers/ssp_al.o
SSPReceiveDMA                                     ./lpcdrivers/ssp_al.o
SSPReceiveIT                                      ./lpcdrivers/ssp_al.o
SSPReceiveIb                                      ./lpcdrivers/ssp_al.o
SSPReceiveIbDMA                                   ./lpcdrivers/ssp_al.o
SSPReceiveIbIT                                    ./lpcdrivers/ssp_al.o
SSPResetState                                     ./lpcdrivers/ssp_al.o
SSPTransmit                                       ./lpcdrivers/ssp_al.o
SSPTransmitDMA                                    ./lpcdrivers/ssp_al.o
SSPTransmitIT                                     ./lpcdrivers/ssp_al.o
SSPTransmitIb                                     ./lpcdrivers/ssp_al.o
SSPTransmitIbDMA                                  ./lpcdrivers/ssp_al.o
SSPTransmitIbIT                                   ./lpcdrivers/ssp_al.o
SSPTransmitReceive                                ./lpcdrivers/ssp_al.o
SSP_ClearIntPending                               ./Drivers/lpc17xx_ssp.o
SSP_Cmd                                           ./Drivers/lpc17xx_ssp.o
                                                  ./fat_sd/diskio.o
                                                  ./lpcdrivers/ssp_al.o
SSP_ConfigStructInit                              ./Drivers/lpc17xx_ssp.o
                                                  ./fat_sd/diskio.o
SSP_DMACmd                                        ./Drivers/lpc17xx_ssp.o
SSP_DeInit                                        ./Drivers/lpc17xx_ssp.o
SSP_GetDataSize                                   ./Drivers/lpc17xx_ssp.o
SSP_GetIntStatus                                  ./Drivers/lpc17xx_ssp.o
SSP_GetRawIntStatus                               ./Drivers/lpc17xx_ssp.o
SSP_GetRawIntStatusReg                            ./Drivers/lpc17xx_ssp.o
SSP_GetStatus                                     ./Drivers/lpc17xx_ssp.o
SSP_Init                                          ./Drivers/lpc17xx_ssp.o
                                                  ./fat_sd/diskio.o
                                                  ./lpcdrivers/ssp_al.o
SSP_IntConfig                                     ./Drivers/lpc17xx_ssp.o
SSP_LoopBackCmd                                   ./Drivers/lpc17xx_ssp.o
SSP_ReadWrite                                     ./Drivers/lpc17xx_ssp.o
SSP_ReceiveData                                   ./Drivers/lpc17xx_ssp.o
SSP_SendData                                      ./Drivers/lpc17xx_ssp.o
SSP_SlaveOutputCmd                                ./Drivers/lpc17xx_ssp.o
SVC_Handler                                       ./BSP/cr_startup_lpc175x_6x.o
SYSTICK_ClearCounterFlag                          ./Drivers/lpc17xx_systick.o
SYSTICK_Cmd                                       ./Drivers/lpc17xx_systick.o
                                                  ./src/main.o
SYSTICK_ExternalInit                              ./Drivers/lpc17xx_systick.o
SYSTICK_GetCurrentValue                           ./Drivers/lpc17xx_systick.o
SYSTICK_IntCmd                                    ./Drivers/lpc17xx_systick.o
                                                  ./src/main.o
SYSTICK_InternalInit                              ./Drivers/lpc17xx_systick.o
                                                  ./src/main.o
SysTick_Handler                                   ./src/main.o
SystemCoreClock                                   ./BSP/system_LPC17xx.o
                                                  ./Drivers/lpc17xx_systick.o
                                                  ./Drivers/lpc17xx_iap.o
                                                  ./Drivers/lpc17xx_clkpwr.o
                                                  ./Drivers/flash_nvol.o
SystemCoreClockUpdate                             ./BSP/system_LPC17xx.o
SystemInit                                        ./BSP/system_LPC17xx.o
                                                  ./src/main.o
TIMER0_IRQHandler                                 ./BSP/cr_startup_lpc175x_6x.o
TIMER1_IRQHandler                                 ./BSP/cr_startup_lpc175x_6x.o
TIMER2_IRQHandler                                 ./BSP/cr_startup_lpc175x_6x.o
TIMER3_IRQHandler                                 ./BSP/cr_startup_lpc175x_6x.o
TIM_ClearIntCapturePending                        ./Drivers/lpc17xx_timer.o
TIM_ClearIntPending                               ./Drivers/lpc17xx_timer.o
TIM_Cmd                                           ./Drivers/lpc17xx_timer.o
TIM_ConfigCapture                                 ./Drivers/lpc17xx_timer.o
TIM_ConfigMatch                                   ./Drivers/lpc17xx_timer.o
TIM_ConfigStructInit                              ./Drivers/lpc17xx_timer.o
TIM_DeInit                                        ./Drivers/lpc17xx_timer.o
TIM_GetCaptureValue                               ./Drivers/lpc17xx_timer.o
TIM_GetIntCaptureStatus                           ./Drivers/lpc17xx_timer.o
TIM_GetIntStatus                                  ./Drivers/lpc17xx_timer.o
TIM_Init                                          ./Drivers/lpc17xx_timer.o
TIM_ResetCounter                                  ./Drivers/lpc17xx_timer.o
TIM_UpdateMatchValue                              ./Drivers/lpc17xx_timer.o
TimerAssert                                       ./lpcdrivers/sys_utils.o
TimerDispatch                                     ./lpcdrivers/sys_utils.o
                                                  ./src/main.o
TimerInit                                         ./lpcdrivers/sys_utils.o
                                                  ./modbus/Modbus.o
TimerIsOverflow                                   ./lpcdrivers/sys_utils.o
                                                  ./modbus/Modbus.o
TimerReset                                        ./lpcdrivers/sys_utils.o
                                                  ./modbus/Modbus.o
TimerStop                                         ./lpcdrivers/sys_utils.o
TxBuf                                             ./src/main.o
UART0_IRQHandler                                  ./BSP/cr_startup_lpc175x_6x.o
UART1_IRQHandler                                  ./src/main.o
UART2_IRQHandler                                  ./BSP/cr_startup_lpc175x_6x.o
UART3_IRQHandler                                  ./BSP/cr_startup_lpc175x_6x.o
UARTGetState                                      ./lpcdrivers/uart_al.o
UARTInit                                          ./lpcdrivers/uart_al.o
                                                  ./src/main.o
UARTInitDMA                                       ./lpcdrivers/uart_al.o
                                                  ./src/main.o
UARTInitRxBuf                                     ./lpcdrivers/uart_al.o
                                                  ./src/main.o
UARTInitTxBuf                                     ./lpcdrivers/uart_al.o
                                                  ./src/main.o
UARTInitTxEnPin                                   ./lpcdrivers/uart_al.o
UARTIsrHandler                                    ./lpcdrivers/uart_al.o
                                                  ./src/main.o
UARTReceive                                       ./lpcdrivers/uart_al.o
UARTReceiveDMA                                    ./lpcdrivers/uart_al.o
UARTReceiveIT                                     ./lpcdrivers/uart_al.o
UARTReceiveIb                                     ./lpcdrivers/uart_al.o
UARTReceiveIbDMA                                  ./lpcdrivers/uart_al.o
                                                  ./modbus/Modbus.o
UARTReceiveIbIT                                   ./lpcdrivers/uart_al.o
UARTResetState                                    ./lpcdrivers/uart_al.o
UARTTransmit                                      ./lpcdrivers/uart_al.o
UARTTransmitDMA                                   ./lpcdrivers/uart_al.o
UARTTransmitIT                                    ./lpcdrivers/uart_al.o
UARTTransmitIb                                    ./lpcdrivers/uart_al.o
UARTTransmitIbDMA                                 ./lpcdrivers/uart_al.o
                                                  ./modbus/Modbus.o
UARTTransmitIbIT                                  ./lpcdrivers/uart_al.o
UART_ABClearIntPending                            ./Drivers/lpc17xx_uart.o
UART_ABCmd                                        ./Drivers/lpc17xx_uart.o
UART_CheckBusy                                    ./Drivers/lpc17xx_uart.o
UART_ConfigStructInit                             ./Drivers/lpc17xx_uart.o
UART_DeInit                                       ./Drivers/lpc17xx_uart.o
UART_FIFOConfig                                   ./Drivers/lpc17xx_uart.o
UART_FIFOConfigStructInit                         ./Drivers/lpc17xx_uart.o
UART_ForceBreak                                   ./Drivers/lpc17xx_uart.o
UART_FullModemConfigMode                          ./Drivers/lpc17xx_uart.o
UART_FullModemForcePinState                       ./Drivers/lpc17xx_uart.o
UART_FullModemGetStatus                           ./Drivers/lpc17xx_uart.o
UART_GetIntId                                     ./Drivers/lpc17xx_uart.o
UART_GetLineStatus                                ./Drivers/lpc17xx_uart.o
UART_Init                                         ./Drivers/lpc17xx_uart.o
                                                  ./lpcdrivers/uart_al.o
UART_IntConfig                                    ./Drivers/lpc17xx_uart.o
UART_IrDACmd                                      ./Drivers/lpc17xx_uart.o
UART_IrDAInvtInputCmd                             ./Drivers/lpc17xx_uart.o
UART_IrDAPulseDivConfig                           ./Drivers/lpc17xx_uart.o
UART_RS485Config                                  ./Drivers/lpc17xx_uart.o
UART_RS485ReceiverCmd                             ./Drivers/lpc17xx_uart.o
UART_RS485Send                                    ./Drivers/lpc17xx_uart.o
UART_RS485SendData                                ./Drivers/lpc17xx_uart.o
UART_RS485SendSlvAddr                             ./Drivers/lpc17xx_uart.o
UART_Receive                                      ./Drivers/lpc17xx_uart.o
UART_ReceiveByte                                  ./Drivers/lpc17xx_uart.o
UART_Send                                         ./Drivers/lpc17xx_uart.o
UART_SendByte                                     ./Drivers/lpc17xx_uart.o
UART_TxCmd                                        ./Drivers/lpc17xx_uart.o
                                                  ./lpcdrivers/uart_al.o
USBActivity_IRQHandler                            ./BSP/cr_startup_lpc175x_6x.o
USB_IRQHandler                                    ./BSP/cr_startup_lpc175x_6x.o
Uart                                              ./src/main.o
UsageFault_Handler                                ./BSP/cr_startup_lpc175x_6x.o
VarRecTable                                       ./Drivers/flash_nvol.o
WDT_IRQHandler                                    ./BSP/cr_startup_lpc175x_6x.o
_Csys_alloc                                       c:/nxp/mcuxpressoide_11.5.0_7232/ide/plugins/com.nxp.mcuxpresso.tools.win32_11.5.0.202107051138/tools/bin/../lib/gcc/arm-none-eabi/10.3.1/../../../../arm-none-eabi/lib/thumb/v7-m/nofp\libcr_c.a(alloc.o)
                                                  c:/nxp/mcuxpressoide_11.5.0_7232/ide/plugins/com.nxp.mcuxpresso.tools.win32_11.5.0.202107051138/tools/bin/../lib/gcc/arm-none-eabi/10.3.1/../../../../arm-none-eabi/lib/thumb/v7-m/nofp\libcr_c.a(_deferredlazyseek.o)
_Cwritebuf                                        c:/nxp/mcuxpressoide_11.5.0_7232/ide/plugins/com.nxp.mcuxpresso.tools.win32_11.5.0.202107051138/tools/bin/../lib/gcc/arm-none-eabi/10.3.1/../../../../arm-none-eabi/lib/thumb/v7-m/nofp\libcr_c.a(_writebuf.o)
                                                  c:/nxp/mcuxpressoide_11.5.0_7232/ide/plugins/com.nxp.mcuxpresso.tools.win32_11.5.0.202107051138/tools/bin/../lib/gcc/arm-none-eabi/10.3.1/../../../../arm-none-eabi/lib/thumb/v7-m/nofp\libcr_c.a(_deferredlazyseek.o)
                                                  c:/nxp/mcuxpressoide_11.5.0_7232/ide/plugins/com.nxp.mcuxpresso.tools.win32_11.5.0.202107051138/tools/bin/../lib/gcc/arm-none-eabi/10.3.1/../../../../arm-none-eabi/lib/thumb/v7-m/nofp\libcr_c.a(_fflush.o)
__Ciob                                            c:/nxp/mcuxpressoide_11.5.0_7232/ide/plugins/com.nxp.mcuxpresso.tools.win32_11.5.0.202107051138/tools/bin/../lib/gcc/arm-none-eabi/10.3.1/../../../../arm-none-eabi/lib/thumb/v7-m/nofp\libcr_c.a(fflush.o)
                                                  c:/nxp/mcuxpressoide_11.5.0_7232/ide/plugins/com.nxp.mcuxpresso.tools.win32_11.5.0.202107051138/tools/bin/../lib/gcc/arm-none-eabi/10.3.1/../../../../arm-none-eabi/lib/thumb/v7-m/nofp\libcr_c.a(initio.o)
__aeabi_cfcmpeq                                   c:/nxp/mcuxpressoide_11.5.0_7232/ide/plugins/com.nxp.mcuxpresso.tools.win32_11.5.0.202107051138/tools/bin/../lib/gcc/arm-none-eabi/10.3.1/thumb/v7-m/nofp\libcr_eabihelpers.a(float.o)
__aeabi_cfcmple                                   c:/nxp/mcuxpressoide_11.5.0_7232/ide/plugins/com.nxp.mcuxpresso.tools.win32_11.5.0.202107051138/tools/bin/../lib/gcc/arm-none-eabi/10.3.1/thumb/v7-m/nofp\libcr_eabihelpers.a(float.o)
__aeabi_cfrcmple                                  c:/nxp/mcuxpressoide_11.5.0_7232/ide/plugins/com.nxp.mcuxpresso.tools.win32_11.5.0.202107051138/tools/bin/../lib/gcc/arm-none-eabi/10.3.1/thumb/v7-m/nofp\libcr_eabihelpers.a(float.o)
__aeabi_f2d                                       c:/nxp/mcuxpressoide_11.5.0_7232/ide/plugins/com.nxp.mcuxpresso.tools.win32_11.5.0.202107051138/tools/bin/../lib/gcc/arm-none-eabi/10.3.1/thumb/v7-m/nofp\libcr_eabihelpers.a(float.o)
__aeabi_f2iz                                      c:/nxp/mcuxpressoide_11.5.0_7232/ide/plugins/com.nxp.mcuxpresso.tools.win32_11.5.0.202107051138/tools/bin/../lib/gcc/arm-none-eabi/10.3.1/thumb/v7-m/nofp\libcr_eabihelpers.a(float.o)
__aeabi_f2lz                                      c:/nxp/mcuxpressoide_11.5.0_7232/ide/plugins/com.nxp.mcuxpresso.tools.win32_11.5.0.202107051138/tools/bin/../lib/gcc/arm-none-eabi/10.3.1/thumb/v7-m/nofp\libcr_eabihelpers.a(float.o)
__aeabi_f2uiz                                     c:/nxp/mcuxpressoide_11.5.0_7232/ide/plugins/com.nxp.mcuxpresso.tools.win32_11.5.0.202107051138/tools/bin/../lib/gcc/arm-none-eabi/10.3.1/thumb/v7-m/nofp\libcr_eabihelpers.a(float.o)
__aeabi_f2ulz                                     c:/nxp/mcuxpressoide_11.5.0_7232/ide/plugins/com.nxp.mcuxpresso.tools.win32_11.5.0.202107051138/tools/bin/../lib/gcc/arm-none-eabi/10.3.1/thumb/v7-m/nofp\libcr_eabihelpers.a(float.o)
__aeabi_fadd                                      c:/nxp/mcuxpressoide_11.5.0_7232/ide/plugins/com.nxp.mcuxpresso.tools.win32_11.5.0.202107051138/tools/bin/../lib/gcc/arm-none-eabi/10.3.1/thumb/v7-m/nofp\libcr_eabihelpers.a(float.o)
__aeabi_fcmpeq                                    c:/nxp/mcuxpressoide_11.5.0_7232/ide/plugins/com.nxp.mcuxpresso.tools.win32_11.5.0.202107051138/tools/bin/../lib/gcc/arm-none-eabi/10.3.1/thumb/v7-m/nofp\libcr_eabihelpers.a(float.o)
__aeabi_fcmpge                                    c:/nxp/mcuxpressoide_11.5.0_7232/ide/plugins/com.nxp.mcuxpresso.tools.win32_11.5.0.202107051138/tools/bin/../lib/gcc/arm-none-eabi/10.3.1/thumb/v7-m/nofp\libcr_eabihelpers.a(float.o)
__aeabi_fcmpgt                                    c:/nxp/mcuxpressoide_11.5.0_7232/ide/plugins/com.nxp.mcuxpresso.tools.win32_11.5.0.202107051138/tools/bin/../lib/gcc/arm-none-eabi/10.3.1/thumb/v7-m/nofp\libcr_eabihelpers.a(float.o)
__aeabi_fcmple                                    c:/nxp/mcuxpressoide_11.5.0_7232/ide/plugins/com.nxp.mcuxpresso.tools.win32_11.5.0.202107051138/tools/bin/../lib/gcc/arm-none-eabi/10.3.1/thumb/v7-m/nofp\libcr_eabihelpers.a(float.o)
__aeabi_fcmplt                                    c:/nxp/mcuxpressoide_11.5.0_7232/ide/plugins/com.nxp.mcuxpresso.tools.win32_11.5.0.202107051138/tools/bin/../lib/gcc/arm-none-eabi/10.3.1/thumb/v7-m/nofp\libcr_eabihelpers.a(float.o)
                                                  ./Drivers/lpc17xx_systick.o
__aeabi_fcmpun                                    c:/nxp/mcuxpressoide_11.5.0_7232/ide/plugins/com.nxp.mcuxpresso.tools.win32_11.5.0.202107051138/tools/bin/../lib/gcc/arm-none-eabi/10.3.1/thumb/v7-m/nofp\libcr_eabihelpers.a(float.o)
__aeabi_fdiv                                      c:/nxp/mcuxpressoide_11.5.0_7232/ide/plugins/com.nxp.mcuxpresso.tools.win32_11.5.0.202107051138/tools/bin/../lib/gcc/arm-none-eabi/10.3.1/thumb/v7-m/nofp\libcr_eabihelpers.a(float.o)
                                                  ./lpcdrivers/adc_al.o
__aeabi_fmul                                      c:/nxp/mcuxpressoide_11.5.0_7232/ide/plugins/com.nxp.mcuxpresso.tools.win32_11.5.0.202107051138/tools/bin/../lib/gcc/arm-none-eabi/10.3.1/thumb/v7-m/nofp\libcr_eabihelpers.a(float.o)
                                                  ./lpcdrivers/adc_al.o
__aeabi_fneg                                      c:/nxp/mcuxpressoide_11.5.0_7232/ide/plugins/com.nxp.mcuxpresso.tools.win32_11.5.0.202107051138/tools/bin/../lib/gcc/arm-none-eabi/10.3.1/thumb/v7-m/nofp\libcr_eabihelpers.a(float.o)
__aeabi_frsub                                     c:/nxp/mcuxpressoide_11.5.0_7232/ide/plugins/com.nxp.mcuxpresso.tools.win32_11.5.0.202107051138/tools/bin/../lib/gcc/arm-none-eabi/10.3.1/thumb/v7-m/nofp\libcr_eabihelpers.a(float.o)
__aeabi_fsub                                      c:/nxp/mcuxpressoide_11.5.0_7232/ide/plugins/com.nxp.mcuxpresso.tools.win32_11.5.0.202107051138/tools/bin/../lib/gcc/arm-none-eabi/10.3.1/thumb/v7-m/nofp\libcr_eabihelpers.a(float.o)
__aeabi_i2f                                       c:/nxp/mcuxpressoide_11.5.0_7232/ide/plugins/com.nxp.mcuxpresso.tools.win32_11.5.0.202107051138/tools/bin/../lib/gcc/arm-none-eabi/10.3.1/thumb/v7-m/nofp\libcr_eabihelpers.a(float.o)
__aeabi_idiv0                                     c:/nxp/mcuxpressoide_11.5.0_7232/ide/plugins/com.nxp.mcuxpresso.tools.win32_11.5.0.202107051138/tools/bin/../lib/gcc/arm-none-eabi/10.3.1/thumb/v7-m/nofp\libcr_eabihelpers.a(division_idiv0.o)
                                                  c:/nxp/mcuxpressoide_11.5.0_7232/ide/plugins/com.nxp.mcuxpresso.tools.win32_11.5.0.202107051138/tools/bin/../lib/gcc/arm-none-eabi/10.3.1/thumb/v7-m/nofp\libcr_eabihelpers.a(division_64.o)
__aeabi_l2f                                       c:/nxp/mcuxpressoide_11.5.0_7232/ide/plugins/com.nxp.mcuxpresso.tools.win32_11.5.0.202107051138/tools/bin/../lib/gcc/arm-none-eabi/10.3.1/thumb/v7-m/nofp\libcr_eabihelpers.a(float.o)
__aeabi_ldivmod                                   c:/nxp/mcuxpressoide_11.5.0_7232/ide/plugins/com.nxp.mcuxpresso.tools.win32_11.5.0.202107051138/tools/bin/../lib/gcc/arm-none-eabi/10.3.1/thumb/v7-m/nofp\libcr_eabihelpers.a(division_64.o)
__aeabi_lowlevel_memset                           c:/nxp/mcuxpressoide_11.5.0_7232/ide/plugins/com.nxp.mcuxpresso.tools.win32_11.5.0.202107051138/tools/bin/../lib/gcc/arm-none-eabi/10.3.1/thumb/v7-m/nofp\libcr_eabihelpers.a(memcpy.o)
                                                  c:/nxp/mcuxpressoide_11.5.0_7232/ide/plugins/com.nxp.mcuxpresso.tools.win32_11.5.0.202107051138/tools/bin/../lib/gcc/arm-none-eabi/10.3.1/../../../../arm-none-eabi/lib/thumb/v7-m/nofp\libcr_c.a(memset.o)
__aeabi_memclr                                    c:/nxp/mcuxpressoide_11.5.0_7232/ide/plugins/com.nxp.mcuxpresso.tools.win32_11.5.0.202107051138/tools/bin/../lib/gcc/arm-none-eabi/10.3.1/thumb/v7-m/nofp\libcr_eabihelpers.a(memcpy.o)
__aeabi_memclr4                                   c:/nxp/mcuxpressoide_11.5.0_7232/ide/plugins/com.nxp.mcuxpresso.tools.win32_11.5.0.202107051138/tools/bin/../lib/gcc/arm-none-eabi/10.3.1/thumb/v7-m/nofp\libcr_eabihelpers.a(memcpy.o)
__aeabi_memclr8                                   c:/nxp/mcuxpressoide_11.5.0_7232/ide/plugins/com.nxp.mcuxpresso.tools.win32_11.5.0.202107051138/tools/bin/../lib/gcc/arm-none-eabi/10.3.1/thumb/v7-m/nofp\libcr_eabihelpers.a(memcpy.o)
__aeabi_memcpy                                    c:/nxp/mcuxpressoide_11.5.0_7232/ide/plugins/com.nxp.mcuxpresso.tools.win32_11.5.0.202107051138/tools/bin/../lib/gcc/arm-none-eabi/10.3.1/thumb/v7-m/nofp\libcr_eabihelpers.a(memcpy.o)
                                                  c:/nxp/mcuxpressoide_11.5.0_7232/ide/plugins/com.nxp.mcuxpresso.tools.win32_11.5.0.202107051138/tools/bin/../lib/gcc/arm-none-eabi/10.3.1/../../../../arm-none-eabi/lib/thumb/v7-m/nofp\libcr_c.a(memcpy.o)
__aeabi_memcpy4                                   c:/nxp/mcuxpressoide_11.5.0_7232/ide/plugins/com.nxp.mcuxpresso.tools.win32_11.5.0.202107051138/tools/bin/../lib/gcc/arm-none-eabi/10.3.1/thumb/v7-m/nofp\libcr_eabihelpers.a(memcpy.o)
__aeabi_memcpy8                                   c:/nxp/mcuxpressoide_11.5.0_7232/ide/plugins/com.nxp.mcuxpresso.tools.win32_11.5.0.202107051138/tools/bin/../lib/gcc/arm-none-eabi/10.3.1/thumb/v7-m/nofp\libcr_eabihelpers.a(memcpy.o)
__aeabi_memmove                                   c:/nxp/mcuxpressoide_11.5.0_7232/ide/plugins/com.nxp.mcuxpresso.tools.win32_11.5.0.202107051138/tools/bin/../lib/gcc/arm-none-eabi/10.3.1/thumb/v7-m/nofp\libcr_eabihelpers.a(memcpy.o)
__aeabi_memmove4                                  c:/nxp/mcuxpressoide_11.5.0_7232/ide/plugins/com.nxp.mcuxpresso.tools.win32_11.5.0.202107051138/tools/bin/../lib/gcc/arm-none-eabi/10.3.1/thumb/v7-m/nofp\libcr_eabihelpers.a(memcpy.o)
__aeabi_memmove8                                  c:/nxp/mcuxpressoide_11.5.0_7232/ide/plugins/com.nxp.mcuxpresso.tools.win32_11.5.0.202107051138/tools/bin/../lib/gcc/arm-none-eabi/10.3.1/thumb/v7-m/nofp\libcr_eabihelpers.a(memcpy.o)
__aeabi_memset                                    c:/nxp/mcuxpressoide_11.5.0_7232/ide/plugins/com.nxp.mcuxpresso.tools.win32_11.5.0.202107051138/tools/bin/../lib/gcc/arm-none-eabi/10.3.1/thumb/v7-m/nofp\libcr_eabihelpers.a(memcpy.o)
__aeabi_memset4                                   c:/nxp/mcuxpressoide_11.5.0_7232/ide/plugins/com.nxp.mcuxpresso.tools.win32_11.5.0.202107051138/tools/bin/../lib/gcc/arm-none-eabi/10.3.1/thumb/v7-m/nofp\libcr_eabihelpers.a(memcpy.o)
__aeabi_memset8                                   c:/nxp/mcuxpressoide_11.5.0_7232/ide/plugins/com.nxp.mcuxpresso.tools.win32_11.5.0.202107051138/tools/bin/../lib/gcc/arm-none-eabi/10.3.1/thumb/v7-m/nofp\libcr_eabihelpers.a(memcpy.o)
__aeabi_ui2f                                      c:/nxp/mcuxpressoide_11.5.0_7232/ide/plugins/com.nxp.mcuxpresso.tools.win32_11.5.0.202107051138/tools/bin/../lib/gcc/arm-none-eabi/10.3.1/thumb/v7-m/nofp\libcr_eabihelpers.a(float.o)
                                                  ./Drivers/lpc17xx_systick.o
                                                  ./lpcdrivers/adc_al.o
__aeabi_ul2f                                      c:/nxp/mcuxpressoide_11.5.0_7232/ide/plugins/com.nxp.mcuxpresso.tools.win32_11.5.0.202107051138/tools/bin/../lib/gcc/arm-none-eabi/10.3.1/thumb/v7-m/nofp\libcr_eabihelpers.a(float.o)
__aeabi_uldivmod                                  c:/nxp/mcuxpressoide_11.5.0_7232/ide/plugins/com.nxp.mcuxpresso.tools.win32_11.5.0.202107051138/tools/bin/../lib/gcc/arm-none-eabi/10.3.1/thumb/v7-m/nofp\libcr_eabihelpers.a(division_64.o)
                                                  ./BSP/system_LPC17xx.o
                                                  ./Drivers/lpc17xx_uart.o
                                                  ./Drivers/lpc17xx_timer.o
                                                  ./Drivers/lpc17xx_pwm.o
__bhs_ldivmod1                                    c:/nxp/mcuxpressoide_11.5.0_7232/ide/plugins/com.nxp.mcuxpresso.tools.win32_11.5.0.202107051138/tools/bin/../lib/gcc/arm-none-eabi/10.3.1/thumb/v7-m/nofp\libcr_eabihelpers.a(division_64.o)
__bhs_ui2f                                        c:/nxp/mcuxpressoide_11.5.0_7232/ide/plugins/com.nxp.mcuxpresso.tools.win32_11.5.0.202107051138/tools/bin/../lib/gcc/arm-none-eabi/10.3.1/thumb/v7-m/nofp\libcr_eabihelpers.a(float.o)
__bhs_ul2f                                        c:/nxp/mcuxpressoide_11.5.0_7232/ide/plugins/com.nxp.mcuxpresso.tools.win32_11.5.0.202107051138/tools/bin/../lib/gcc/arm-none-eabi/10.3.1/thumb/v7-m/nofp\libcr_eabihelpers.a(float.o)
__bss_section_table_end                           ./BSP/cr_startup_lpc175x_6x.o
__check_heap_overflow                             c:/nxp/mcuxpressoide_11.5.0_7232/ide/plugins/com.nxp.mcuxpresso.tools.win32_11.5.0.202107051138/tools/bin/../lib/gcc/arm-none-eabi/10.3.1/../../../../arm-none-eabi/lib/thumb/v7-m/nofp\libcr_c.a(_cr_check_heap.o)
                                                  c:/nxp/mcuxpressoide_11.5.0_7232/ide/plugins/com.nxp.mcuxpresso.tools.win32_11.5.0.202107051138/tools/bin/../lib/gcc/arm-none-eabi/10.3.1/../../../../arm-none-eabi/lib/thumb/v7-m/nofp\libcr_c.a(_cr_sbrk.o)
__data_section_table                              ./BSP/cr_startup_lpc175x_6x.o
__data_section_table_end                          ./BSP/cr_startup_lpc175x_6x.o
__disable_interrupt                               ./Drivers/flash_nvol.o
__enable_interrupt                                ./Drivers/flash_nvol.o
__end_of_heap                                     c:/nxp/mcuxpressoide_11.5.0_7232/ide/plugins/com.nxp.mcuxpresso.tools.win32_11.5.0.202107051138/tools/bin/../lib/gcc/arm-none-eabi/10.3.1/../../../../arm-none-eabi/lib/thumb/v7-m/nofp\libcr_c.a(__init_alloc.o)
                                                  c:/nxp/mcuxpressoide_11.5.0_7232/ide/plugins/com.nxp.mcuxpresso.tools.win32_11.5.0.202107051138/tools/bin/../lib/gcc/arm-none-eabi/10.3.1/../../../../arm-none-eabi/lib/thumb/v7-m/nofp\libcr_c.a(_cr_sbrk.o)
__flsbuf                                          c:/nxp/mcuxpressoide_11.5.0_7232/ide/plugins/com.nxp.mcuxpresso.tools.win32_11.5.0.202107051138/tools/bin/../lib/gcc/arm-none-eabi/10.3.1/../../../../arm-none-eabi/lib/thumb/v7-m/nofp\libcr_c.a(_deferredlazyseek.o)
__heaps                                           c:/nxp/mcuxpressoide_11.5.0_7232/ide/plugins/com.nxp.mcuxpresso.tools.win32_11.5.0.202107051138/tools/bin/../lib/gcc/arm-none-eabi/10.3.1/../../../../arm-none-eabi/lib/thumb/v7-m/nofp\libcr_c.a(__init_alloc.o)
                                                  c:/nxp/mcuxpressoide_11.5.0_7232/ide/plugins/com.nxp.mcuxpresso.tools.win32_11.5.0.202107051138/tools/bin/../lib/gcc/arm-none-eabi/10.3.1/../../../../arm-none-eabi/lib/thumb/v7-m/nofp\libcr_c.a(alloc.o)
__main                                            c:/nxp/mcuxpressoide_11.5.0_7232/ide/plugins/com.nxp.mcuxpresso.tools.win32_11.5.0.202107051138/tools/bin/../lib/gcc/arm-none-eabi/10.3.1/../../../../arm-none-eabi/lib/thumb/v7-m/nofp\libcr_c.a(__weak__main.o)
                                                  ./BSP/cr_startup_lpc175x_6x.o
__num_Ciob_streams                                c:/nxp/mcuxpressoide_11.5.0_7232/ide/plugins/com.nxp.mcuxpresso.tools.win32_11.5.0.202107051138/tools/bin/../lib/gcc/arm-none-eabi/10.3.1/../../../../arm-none-eabi/lib/thumb/v7-m/nofp\libcr_c.a(fflush.o)
                                                  c:/nxp/mcuxpressoide_11.5.0_7232/ide/plugins/com.nxp.mcuxpresso.tools.win32_11.5.0.202107051138/tools/bin/../lib/gcc/arm-none-eabi/10.3.1/../../../../arm-none-eabi/lib/thumb/v7-m/nofp\libcr_c.a(initio.o)
__rand                                            c:/nxp/mcuxpressoide_11.5.0_7232/ide/plugins/com.nxp.mcuxpresso.tools.win32_11.5.0.202107051138/tools/bin/../lib/gcc/arm-none-eabi/10.3.1/../../../../arm-none-eabi/lib/thumb/v7-m/nofp\libcr_c.a(stdlib.o)
__srand                                           c:/nxp/mcuxpressoide_11.5.0_7232/ide/plugins/com.nxp.mcuxpresso.tools.win32_11.5.0.202107051138/tools/bin/../lib/gcc/arm-none-eabi/10.3.1/../../../../arm-none-eabi/lib/thumb/v7-m/nofp\libcr_c.a(stdlib.o)
__sys_appexit                                     c:/nxp/mcuxpressoide_11.5.0_7232/ide/plugins/com.nxp.mcuxpresso.tools.win32_11.5.0.202107051138/tools/bin/../lib/gcc/arm-none-eabi/10.3.1/../../../../arm-none-eabi/lib/thumb/v7-m/nofp\libcr_c.a(alloc.o)
                                                  c:/nxp/mcuxpressoide_11.5.0_7232/ide/plugins/com.nxp.mcuxpresso.tools.win32_11.5.0.202107051138/tools/bin/../lib/gcc/arm-none-eabi/10.3.1/../../../../arm-none-eabi/lib/thumb/v7-m/nofp\libcr_c.a(stdlib.o)
__sys_close                                       c:/nxp/mcuxpressoide_11.5.0_7232/ide/plugins/com.nxp.mcuxpresso.tools.win32_11.5.0.202107051138/tools/bin/../lib/gcc/arm-none-eabi/10.3.1/../../../../arm-none-eabi/lib/thumb/v7-m/nofp\libcr_c.a(fclose.o)
__sys_flen                                        c:/nxp/mcuxpressoide_11.5.0_7232/ide/plugins/com.nxp.mcuxpresso.tools.win32_11.5.0.202107051138/tools/bin/../lib/gcc/arm-none-eabi/10.3.1/../../../../arm-none-eabi/lib/thumb/v7-m/nofp\libcr_c.a(_writebuf.o)
                                                  c:/nxp/mcuxpressoide_11.5.0_7232/ide/plugins/com.nxp.mcuxpresso.tools.win32_11.5.0.202107051138/tools/bin/../lib/gcc/arm-none-eabi/10.3.1/../../../../arm-none-eabi/lib/thumb/v7-m/nofp\libcr_c.a(fseek.o)
__sys_istty                                       c:/nxp/mcuxpressoide_11.5.0_7232/ide/plugins/com.nxp.mcuxpresso.tools.win32_11.5.0.202107051138/tools/bin/../lib/gcc/arm-none-eabi/10.3.1/../../../../arm-none-eabi/lib/thumb/v7-m/nofp\libcr_c.a(_deferredlazyseek.o)
                                                  c:/nxp/mcuxpressoide_11.5.0_7232/ide/plugins/com.nxp.mcuxpresso.tools.win32_11.5.0.202107051138/tools/bin/../lib/gcc/arm-none-eabi/10.3.1/../../../../arm-none-eabi/lib/thumb/v7-m/nofp\libcr_c.a(fseek.o)
__sys_remove                                      c:/nxp/mcuxpressoide_11.5.0_7232/ide/plugins/com.nxp.mcuxpresso.tools.win32_11.5.0.202107051138/tools/bin/../lib/gcc/arm-none-eabi/10.3.1/../../../../arm-none-eabi/lib/thumb/v7-m/nofp\libcr_c.a(remove.o)
__sys_rename                                      c:/nxp/mcuxpressoide_11.5.0_7232/ide/plugins/com.nxp.mcuxpresso.tools.win32_11.5.0.202107051138/tools/bin/../lib/gcc/arm-none-eabi/10.3.1/../../../../arm-none-eabi/lib/thumb/v7-m/nofp\libcr_c.a(remove.o)
__sys_seek                                        c:/nxp/mcuxpressoide_11.5.0_7232/ide/plugins/com.nxp.mcuxpresso.tools.win32_11.5.0.202107051138/tools/bin/../lib/gcc/arm-none-eabi/10.3.1/../../../../arm-none-eabi/lib/thumb/v7-m/nofp\libcr_c.a(_writebuf.o)
__sys_tmpnam                                      c:/nxp/mcuxpressoide_11.5.0_7232/ide/plugins/com.nxp.mcuxpresso.tools.win32_11.5.0.202107051138/tools/bin/../lib/gcc/arm-none-eabi/10.3.1/../../../../arm-none-eabi/lib/thumb/v7-m/nofp\libcr_c.a(fclose.o)
__sys_write                                       c:/nxp/mcuxpressoide_11.5.0_7232/ide/plugins/com.nxp.mcuxpresso.tools.win32_11.5.0.202107051138/tools/bin/../lib/gcc/arm-none-eabi/10.3.1/../../../../arm-none-eabi/lib/thumb/v7-m/nofp\libcr_c.a(alloc.o)
                                                  c:/nxp/mcuxpressoide_11.5.0_7232/ide/plugins/com.nxp.mcuxpresso.tools.win32_11.5.0.202107051138/tools/bin/../lib/gcc/arm-none-eabi/10.3.1/../../../../arm-none-eabi/lib/thumb/v7-m/nofp\libcr_c.a(_writebuf.o)
__valid_user_code_checksum                        ./BSP/cr_startup_lpc175x_6x.o
__weak_main                                       c:/nxp/mcuxpressoide_11.5.0_7232/ide/plugins/com.nxp.mcuxpresso.tools.win32_11.5.0.202107051138/tools/bin/../lib/gcc/arm-none-eabi/10.3.1/../../../../arm-none-eabi/lib/thumb/v7-m/nofp\libcr_c.a(__weak__main.o)
_deferredlazyseek                                 c:/nxp/mcuxpressoide_11.5.0_7232/ide/plugins/com.nxp.mcuxpresso.tools.win32_11.5.0.202107051138/tools/bin/../lib/gcc/arm-none-eabi/10.3.1/../../../../arm-none-eabi/lib/thumb/v7-m/nofp\libcr_c.a(_deferredlazyseek.o)
                                                  c:/nxp/mcuxpressoide_11.5.0_7232/ide/plugins/com.nxp.mcuxpresso.tools.win32_11.5.0.202107051138/tools/bin/../lib/gcc/arm-none-eabi/10.3.1/../../../../arm-none-eabi/lib/thumb/v7-m/nofp\libcr_c.a(_do_fflush.o)
_do_fflush                                        c:/nxp/mcuxpressoide_11.5.0_7232/ide/plugins/com.nxp.mcuxpresso.tools.win32_11.5.0.202107051138/tools/bin/../lib/gcc/arm-none-eabi/10.3.1/../../../../arm-none-eabi/lib/thumb/v7-m/nofp\libcr_c.a(_do_fflush.o)
                                                  c:/nxp/mcuxpressoide_11.5.0_7232/ide/plugins/com.nxp.mcuxpresso.tools.win32_11.5.0.202107051138/tools/bin/../lib/gcc/arm-none-eabi/10.3.1/../../../../arm-none-eabi/lib/thumb/v7-m/nofp\libcr_c.a(fflush.o)
_exit_init                                        c:/nxp/mcuxpressoide_11.5.0_7232/ide/plugins/com.nxp.mcuxpresso.tools.win32_11.5.0.202107051138/tools/bin/../lib/gcc/arm-none-eabi/10.3.1/../../../../arm-none-eabi/lib/thumb/v7-m/nofp\libcr_c.a(stdlib.o)
_exitvector                                       c:/nxp/mcuxpressoide_11.5.0_7232/ide/plugins/com.nxp.mcuxpresso.tools.win32_11.5.0.202107051138/tools/bin/../lib/gcc/arm-none-eabi/10.3.1/../../../../arm-none-eabi/lib/thumb/v7-m/nofp\libcr_c.a(stdlib.o)
_fdopen                                           c:/nxp/mcuxpressoide_11.5.0_7232/ide/plugins/com.nxp.mcuxpresso.tools.win32_11.5.0.202107051138/tools/bin/../lib/gcc/arm-none-eabi/10.3.1/../../../../arm-none-eabi/lib/thumb/v7-m/nofp\libcr_c.a(_fdopen.o)
                                                  c:/nxp/mcuxpressoide_11.5.0_7232/ide/plugins/com.nxp.mcuxpresso.tools.win32_11.5.0.202107051138/tools/bin/../lib/gcc/arm-none-eabi/10.3.1/../../../../arm-none-eabi/lib/thumb/v7-m/nofp\libcr_c.a(initio.o)
_fflush                                           c:/nxp/mcuxpressoide_11.5.0_7232/ide/plugins/com.nxp.mcuxpresso.tools.win32_11.5.0.202107051138/tools/bin/../lib/gcc/arm-none-eabi/10.3.1/../../../../arm-none-eabi/lib/thumb/v7-m/nofp\libcr_c.a(_fflush.o)
                                                  c:/nxp/mcuxpressoide_11.5.0_7232/ide/plugins/com.nxp.mcuxpresso.tools.win32_11.5.0.202107051138/tools/bin/../lib/gcc/arm-none-eabi/10.3.1/../../../../arm-none-eabi/lib/thumb/v7-m/nofp\libcr_c.a(_deferredlazyseek.o)
                                                  c:/nxp/mcuxpressoide_11.5.0_7232/ide/plugins/com.nxp.mcuxpresso.tools.win32_11.5.0.202107051138/tools/bin/../lib/gcc/arm-none-eabi/10.3.1/../../../../arm-none-eabi/lib/thumb/v7-m/nofp\libcr_c.a(_do_fflush.o)
_init_alloc                                       c:/nxp/mcuxpressoide_11.5.0_7232/ide/plugins/com.nxp.mcuxpresso.tools.win32_11.5.0.202107051138/tools/bin/../lib/gcc/arm-none-eabi/10.3.1/../../../../arm-none-eabi/lib/thumb/v7-m/nofp\libcr_c.a(__init_alloc.o)
_initio                                           c:/nxp/mcuxpressoide_11.5.0_7232/ide/plugins/com.nxp.mcuxpresso.tools.win32_11.5.0.202107051138/tools/bin/../lib/gcc/arm-none-eabi/10.3.1/../../../../arm-none-eabi/lib/thumb/v7-m/nofp\libcr_c.a(initio.o)
_number_of_exit_functions                         c:/nxp/mcuxpressoide_11.5.0_7232/ide/plugins/com.nxp.mcuxpresso.tools.win32_11.5.0.202107051138/tools/bin/../lib/gcc/arm-none-eabi/10.3.1/../../../../arm-none-eabi/lib/thumb/v7-m/nofp\libcr_c.a(stdlib.o)
_pvHeapLimit                                      c:/nxp/mcuxpressoide_11.5.0_7232/ide/plugins/com.nxp.mcuxpresso.tools.win32_11.5.0.202107051138/tools/bin/../lib/gcc/arm-none-eabi/10.3.1/../../../../arm-none-eabi/lib/thumb/v7-m/nofp\libcr_c.a(_cr_check_heap.o)
_pvHeapStart                                      c:/nxp/mcuxpressoide_11.5.0_7232/ide/plugins/com.nxp.mcuxpresso.tools.win32_11.5.0.202107051138/tools/bin/../lib/gcc/arm-none-eabi/10.3.1/../../../../arm-none-eabi/lib/thumb/v7-m/nofp\libcr_c.a(_cr_sbrk.o)
_sbrk                                             c:/nxp/mcuxpressoide_11.5.0_7232/ide/plugins/com.nxp.mcuxpresso.tools.win32_11.5.0.202107051138/tools/bin/../lib/gcc/arm-none-eabi/10.3.1/../../../../arm-none-eabi/lib/thumb/v7-m/nofp\libcr_c.a(_cr_sbrk.o)
                                                  c:/nxp/mcuxpressoide_11.5.0_7232/ide/plugins/com.nxp.mcuxpresso.tools.win32_11.5.0.202107051138/tools/bin/../lib/gcc/arm-none-eabi/10.3.1/../../../../arm-none-eabi/lib/thumb/v7-m/nofp\libcr_c.a(alloc.o)
_terminateio                                      c:/nxp/mcuxpressoide_11.5.0_7232/ide/plugins/com.nxp.mcuxpresso.tools.win32_11.5.0.202107051138/tools/bin/../lib/gcc/arm-none-eabi/10.3.1/../../../../arm-none-eabi/lib/thumb/v7-m/nofp\libcr_c.a(initio.o)
                                                  c:/nxp/mcuxpressoide_11.5.0_7232/ide/plugins/com.nxp.mcuxpresso.tools.win32_11.5.0.202107051138/tools/bin/../lib/gcc/arm-none-eabi/10.3.1/../../../../arm-none-eabi/lib/thumb/v7-m/nofp\libcr_c.a(stdlib.o)
_vStackTop                                        ./BSP/cr_startup_lpc175x_6x.o
abort                                             c:/nxp/mcuxpressoide_11.5.0_7232/ide/plugins/com.nxp.mcuxpresso.tools.win32_11.5.0.202107051138/tools/bin/../lib/gcc/arm-none-eabi/10.3.1/../../../../arm-none-eabi/lib/thumb/v7-m/nofp\libcr_c.a(stdlib.o)
abs                                               c:/nxp/mcuxpressoide_11.5.0_7232/ide/plugins/com.nxp.mcuxpresso.tools.win32_11.5.0.202107051138/tools/bin/../lib/gcc/arm-none-eabi/10.3.1/../../../../arm-none-eabi/lib/thumb/v7-m/nofp\libcr_c.a(stdlib.o)
                                                  ./src/nec_protocol.o
atexit                                            c:/nxp/mcuxpressoide_11.5.0_7232/ide/plugins/com.nxp.mcuxpresso.tools.win32_11.5.0.202107051138/tools/bin/../lib/gcc/arm-none-eabi/10.3.1/../../../../arm-none-eabi/lib/thumb/v7-m/nofp\libcr_c.a(stdlib.o)
auchCRCHi_exp                                     ./modbus/Modbus.o
auchCRCLo_exp                                     ./modbus/Modbus.o
bss_init                                          ./BSP/cr_startup_lpc175x_6x.o
calloc                                            c:/nxp/mcuxpressoide_11.5.0_7232/ide/plugins/com.nxp.mcuxpresso.tools.win32_11.5.0.202107051138/tools/bin/../lib/gcc/arm-none-eabi/10.3.1/../../../../arm-none-eabi/lib/thumb/v7-m/nofp\libcr_c.a(alloc.o)
check_failed                                      ./Drivers/lpc17xx_libcfg_default.o
                                                  ./Drivers/lpc17xx_uart.o
                                                  ./Drivers/lpc17xx_timer.o
                                                  ./Drivers/lpc17xx_systick.o
                                                  ./Drivers/lpc17xx_ssp.o
                                                  ./Drivers/lpc17xx_spi.o
                                                  ./Drivers/lpc17xx_rtc.o
                                                  ./Drivers/lpc17xx_rit.o
                                                  ./Drivers/lpc17xx_pwm.o
                                                  ./Drivers/lpc17xx_gpdma.o
                                                  ./Drivers/lpc17xx_adc.o
data_init                                         ./BSP/cr_startup_lpc175x_6x.o
disk_initialize                                   ./fat_sd/diskio.o
                                                  ./fat_sd/ff.o
disk_ioctl                                        ./fat_sd/diskio.o
                                                  ./fat_sd/ff.o
disk_read                                         ./fat_sd/diskio.o
                                                  ./fat_sd/ff.o
disk_status                                       ./fat_sd/diskio.o
                                                  ./fat_sd/ff.o
disk_timerproc                                    ./fat_sd/diskio.o
disk_write                                        ./fat_sd/diskio.o
                                                  ./fat_sd/ff.o
div                                               c:/nxp/mcuxpressoide_11.5.0_7232/ide/plugins/com.nxp.mcuxpresso.tools.win32_11.5.0.202107051138/tools/bin/../lib/gcc/arm-none-eabi/10.3.1/../../../../arm-none-eabi/lib/thumb/v7-m/nofp\libcr_c.a(stdlib.o)
eraseFlash                                        ./Drivers/flash_nvol.o
errno                                             c:/nxp/mcuxpressoide_11.5.0_7232/ide/plugins/com.nxp.mcuxpresso.tools.win32_11.5.0.202107051138/tools/bin/../lib/gcc/arm-none-eabi/10.3.1/../../../../arm-none-eabi/lib/thumb/v7-m/nofp\libcr_c.a(errno.o)
                                                  c:/nxp/mcuxpressoide_11.5.0_7232/ide/plugins/com.nxp.mcuxpresso.tools.win32_11.5.0.202107051138/tools/bin/../lib/gcc/arm-none-eabi/10.3.1/../../../../arm-none-eabi/lib/thumb/v7-m/nofp\libcr_c.a(_cr_sbrk.o)
                                                  c:/nxp/mcuxpressoide_11.5.0_7232/ide/plugins/com.nxp.mcuxpresso.tools.win32_11.5.0.202107051138/tools/bin/../lib/gcc/arm-none-eabi/10.3.1/../../../../arm-none-eabi/lib/thumb/v7-m/nofp\libcr_c.a(ftell.o)
exit                                              c:/nxp/mcuxpressoide_11.5.0_7232/ide/plugins/com.nxp.mcuxpresso.tools.win32_11.5.0.202107051138/tools/bin/../lib/gcc/arm-none-eabi/10.3.1/../../../../arm-none-eabi/lib/thumb/v7-m/nofp\libcr_c.a(stdlib.o)
f_chdir                                           ./fat_sd/ff.o
f_chdrive                                         ./fat_sd/ff.o