Archive member included to satisfy reference by file (symbol)

c:/nxp/mcuxpressoide_11.5.0_7232/ide/plugins/com.nxp.mcuxpresso.tools.win32_11.5.0.202107051138/tools/bin/../lib/gcc/arm-none-eabi/10.3.1/../../../../arm-none-eabi/lib/thumb/v7-m/nofp\libcr_c.a(__weak__main.o)
                              ./BSP/cr_startup_lpc175x_6x.o (__main)
c:/nxp/mcuxpressoide_11.5.0_7232/ide/plugins/com.nxp.mcuxpresso.tools.win32_11.5.0.202107051138/tools/bin/../lib/gcc/arm-none-eabi/10.3.1/thumb/v7-m/nofp\libcr_eabihelpers.a(division_64.o)
                              ./BSP/system_LPC17xx.o (__aeabi_uldivmod)
c:/nxp/mcuxpressoide_11.5.0_7232/ide/plugins/com.nxp.mcuxpresso.tools.win32_11.5.0.202107051138/tools/bin/../lib/gcc/arm-none-eabi/10.3.1/thumb/v7-m/nofp\libcr_eabihelpers.a(division_idiv0.o)
                              c:/nxp/mcuxpressoide_11.5.0_7232/ide/plugins/com.nxp.mcuxpresso.tools.win32_11.5.0.202107051138/tools/bin/../lib/gcc/arm-none-eabi/10.3.1/thumb/v7-m/nofp\libcr_eabihelpers.a(division_64.o) (__aeabi_idiv0)

Discarded input sections

 .group         0x00000000        0xc ./src/FD2930_MCUX.o
 .group         0x00000000        0xc ./src/FD2930_MCUX.o
 .text          0x00000000        0x0 ./src/FD2930_MCUX.o
 .data          0x00000000        0x0 ./src/FD2930_MCUX.o
 .bss           0x00000000        0x0 ./src/FD2930_MCUX.o
 .group         0x00000000        0xc ./BSP/cr_startup_lpc175x_6x.o
 .text          0x00000000        0x0 ./BSP/cr_startup_lpc175x_6x.o
 .data          0x00000000        0x0 ./BSP/cr_startup_lpc175x_6x.o
 .bss           0x00000000        0x0 ./BSP/cr_startup_lpc175x_6x.o
 .debug_macro   0x00000000      0xa7e ./BSP/cr_startup_lpc175x_6x.o
 .group         0x00000000        0xc ./BSP/crp.o
 .group         0x00000000        0xc ./BSP/crp.o
 .text          0x00000000        0x0 ./BSP/crp.o
 .data          0x00000000        0x0 ./BSP/crp.o
 .bss           0x00000000        0x0 ./BSP/crp.o
 .debug_macro   0x00000000      0xa7e ./BSP/crp.o
 .group         0x00000000        0xc ./BSP/system_LPC17xx.o
 .group         0x00000000        0xc ./BSP/system_LPC17xx.o
 .group         0x00000000        0xc ./BSP/system_LPC17xx.o
 .group         0x00000000        0xc ./BSP/system_LPC17xx.o
 .group         0x00000000        0xc ./BSP/system_LPC17xx.o
 .group         0x00000000        0xc ./BSP/system_LPC17xx.o
 .group         0x00000000        0xc ./BSP/system_LPC17xx.o
 .group         0x00000000        0xc ./BSP/system_LPC17xx.o
 .group         0x00000000        0xc ./BSP/system_LPC17xx.o
 .text          0x00000000        0x0 ./BSP/system_LPC17xx.o
 .data          0x00000000        0x0 ./BSP/system_LPC17xx.o
 .bss           0x00000000        0x0 ./BSP/system_LPC17xx.o
 .data.SystemCoreClock
                0x00000000        0x4 ./BSP/system_LPC17xx.o
 .text.SystemCoreClockUpdate
                0x00000000      0x2ec ./BSP/system_LPC17xx.o
 .text.SystemInit
                0x00000000      0x140 ./BSP/system_LPC17xx.o
 .debug_info    0x00000000      0x327 ./BSP/system_LPC17xx.o
 .debug_abbrev  0x00000000       0xf4 ./BSP/system_LPC17xx.o
 .debug_aranges
                0x00000000       0x28 ./BSP/system_LPC17xx.o
 .debug_ranges  0x00000000       0x18 ./BSP/system_LPC17xx.o
 .debug_macro   0x00000000      0x12d ./BSP/system_LPC17xx.o
 .debug_macro   0x00000000      0xa7e ./BSP/system_LPC17xx.o
 .debug_macro   0x00000000       0x10 ./BSP/system_LPC17xx.o
 .debug_macro   0x00000000      0x12e ./BSP/system_LPC17xx.o
 .debug_macro   0x00000000      0x5b3 ./BSP/system_LPC17xx.o
 .debug_macro   0x00000000       0x1c ./BSP/system_LPC17xx.o
 .debug_macro   0x00000000       0x3a ./BSP/system_LPC17xx.o
 .debug_macro   0x00000000       0x2d ./BSP/system_LPC17xx.o
 .debug_macro   0x00000000      0xbb1 ./BSP/system_LPC17xx.o
 .debug_macro   0x00000000      0x2c7 ./BSP/system_LPC17xx.o
 .debug_line    0x00000000      0x3fe ./BSP/system_LPC17xx.o
 .debug_str     0x00000000     0xa0fd ./BSP/system_LPC17xx.o
 .comment       0x00000000       0x4a ./BSP/system_LPC17xx.o
 .debug_frame   0x00000000       0x64 ./BSP/system_LPC17xx.o
 .ARM.attributes
                0x00000000       0x2d ./BSP/system_LPC17xx.o
 .text          0x00000000        0x0 c:/nxp/mcuxpressoide_11.5.0_7232/ide/plugins/com.nxp.mcuxpresso.tools.win32_11.5.0.202107051138/tools/bin/../lib/gcc/arm-none-eabi/10.3.1/../../../../arm-none-eabi/lib/thumb/v7-m/nofp\libcr_c.a(__weak__main.o)
 .data          0x00000000        0x0 c:/nxp/mcuxpressoide_11.5.0_7232/ide/plugins/com.nxp.mcuxpresso.tools.win32_11.5.0.202107051138/tools/bin/../lib/gcc/arm-none-eabi/10.3.1/../../../../arm-none-eabi/lib/thumb/v7-m/nofp\libcr_c.a(__weak__main.o)
 .bss           0x00000000        0x0 c:/nxp/mcuxpressoide_11.5.0_7232/ide/plugins/com.nxp.mcuxpresso.tools.win32_11.5.0.202107051138/tools/bin/../lib/gcc/arm-none-eabi/10.3.1/../../../../arm-none-eabi/lib/thumb/v7-m/nofp\libcr_c.a(__weak__main.o)
 .text          0x00000000        0x0 c:/nxp/mcuxpressoide_11.5.0_7232/ide/plugins/com.nxp.mcuxpresso.tools.win32_11.5.0.202107051138/tools/bin/../lib/gcc/arm-none-eabi/10.3.1/thumb/v7-m/nofp\libcr_eabihelpers.a(division_64.o)
 .data          0x00000000        0x0 c:/nxp/mcuxpressoide_11.5.0_7232/ide/plugins/com.nxp.mcuxpresso.tools.win32_11.5.0.202107051138/tools/bin/../lib/gcc/arm-none-eabi/10.3.1/thumb/v7-m/nofp\libcr_eabihelpers.a(division_64.o)
 .bss           0x00000000        0x0 c:/nxp/mcuxpressoide_11.5.0_7232/ide/plugins/com.nxp.mcuxpresso.tools.win32_11.5.0.202107051138/tools/bin/../lib/gcc/arm-none-eabi/10.3.1/thumb/v7-m/nofp\libcr_eabihelpers.a(division_64.o)
 .text.__aeabi_division_ldivmod
                0x00000000       0x26 c:/nxp/mcuxpressoide_11.5.0_7232/ide/plugins/com.nxp.mcuxpresso.tools.win32_11.5.0.202107051138/tools/bin/../lib/gcc/arm-none-eabi/10.3.1/thumb/v7-m/nofp\libcr_eabihelpers.a(division_64.o)
 .text.__aeabi_division_uldivmod
                0x00000000      0x174 c:/nxp/mcuxpressoide_11.5.0_7232/ide/plugins/com.nxp.mcuxpresso.tools.win32_11.5.0.202107051138/tools/bin/../lib/gcc/arm-none-eabi/10.3.1/thumb/v7-m/nofp\libcr_eabihelpers.a(division_64.o)
 .ARM.attributes
                0x00000000       0x1b c:/nxp/mcuxpressoide_11.5.0_7232/ide/plugins/com.nxp.mcuxpresso.tools.win32_11.5.0.202107051138/tools/bin/../lib/gcc/arm-none-eabi/10.3.1/thumb/v7-m/nofp\libcr_eabihelpers.a(division_64.o)
 .text          0x00000000        0x0 c:/nxp/mcuxpressoide_11.5.0_7232/ide/plugins/com.nxp.mcuxpresso.tools.win32_11.5.0.202107051138/tools/bin/../lib/gcc/arm-none-eabi/10.3.1/thumb/v7-m/nofp\libcr_eabihelpers.a(division_idiv0.o)
 .data          0x00000000        0x0 c:/nxp/mcuxpressoide_11.5.0_7232/ide/plugins/com.nxp.mcuxpresso.tools.win32_11.5.0.202107051138/tools/bin/../lib/gcc/arm-none-eabi/10.3.1/thumb/v7-m/nofp\libcr_eabihelpers.a(division_idiv0.o)
 .bss           0x00000000        0x0 c:/nxp/mcuxpressoide_11.5.0_7232/ide/plugins/com.nxp.mcuxpresso.tools.win32_11.5.0.202107051138/tools/bin/../lib/gcc/arm-none-eabi/10.3.1/thumb/v7-m/nofp\libcr_eabihelpers.a(division_idiv0.o)
 .text.__aeabi_division_idiv0
                0x00000000        0x2 c:/nxp/mcuxpressoide_11.5.0_7232/ide/plugins/com.nxp.mcuxpresso.tools.win32_11.5.0.202107051138/tools/bin/../lib/gcc/arm-none-eabi/10.3.1/thumb/v7-m/nofp\libcr_eabihelpers.a(division_idiv0.o)
 .ARM.attributes
                0x00000000       0x1b c:/nxp/mcuxpressoide_11.5.0_7232/ide/plugins/com.nxp.mcuxpresso.tools.win32_11.5.0.202107051138/tools/bin/../lib/gcc/arm-none-eabi/10.3.1/thumb/v7-m/nofp\libcr_eabihelpers.a(division_idiv0.o)

Memory Configuration

Name             Origin             Length             Attributes
MFlash512        0x00000000         0x00080000         xr
RamLoc32         0x10000000         0x00008000         xrw
RamAHB32         0x2007c000         0x00008000         xrw
*default*        0x00000000         0xffffffff

Linker script and memory map

LOAD ./src/FD2930_MCUX.o
LOAD ./BSP/cr_startup_lpc175x_6x.o
LOAD ./BSP/crp.o
LOAD ./BSP/system_LPC17xx.o
START GROUP
LOAD c:/nxp/mcuxpressoide_11.5.0_7232/ide/plugins/com.nxp.mcuxpresso.tools.win32_11.5.0.202107051138/tools/bin/../lib/gcc/arm-none-eabi/10.3.1/../../../../arm-none-eabi/lib/thumb/v7-m/nofp\libcr_c.a
LOAD c:/nxp/mcuxpressoide_11.5.0_7232/ide/plugins/com.nxp.mcuxpresso.tools.win32_11.5.0.202107051138/tools/bin/../lib/gcc/arm-none-eabi/10.3.1/thumb/v7-m/nofp\libcr_eabihelpers.a
LOAD c:/nxp/mcuxpressoide_11.5.0_7232/ide/plugins/com.nxp.mcuxpresso.tools.win32_11.5.0.202107051138/tools/bin/../lib/gcc/arm-none-eabi/10.3.1/thumb/v7-m/nofp\libgcc.a
END GROUP
                0x00000000                __base_MFlash512 = 0x0
                0x00000000                __base_Flash = 0x0
                0x00080000                __top_MFlash512 = 0x80000
                0x00080000                __top_Flash = 0x80000
                0x10000000                __base_RamLoc32 = 0x10000000
                0x10000000                __base_RAM = 0x10000000
                0x10008000                __top_RamLoc32 = 0x10008000
                0x10008000                __top_RAM = 0x10008000
                0x2007c000                __base_RamAHB32 = 0x2007c000
                0x2007c000                __base_RAM2 = 0x2007c000
                0x20084000                __top_RamAHB32 = 0x20084000
                0x20084000                __top_RAM2 = 0x20084000

.text           0x00000000      0x31c
 FILL mask 0xff
                0x00000000                __vectors_start__ = ABSOLUTE (.)
 *(.isr_vector)
 .isr_vector    0x00000000       0xcc ./BSP/cr_startup_lpc175x_6x.o
                0x00000000                g_pfnVectors
                0x000000cc                . = ALIGN (0x4)
                0x000000cc                __section_table_start = .
                0x000000cc                __data_section_table = .
                0x000000cc        0x4 LONG 0x31c LOADADDR (.data)
                0x000000d0        0x4 LONG 0x10000000 ADDR (.data)
                0x000000d4        0x4 LONG 0x0 SIZEOF (.data)
                0x000000d8        0x4 LONG 0x31c LOADADDR (.data_RAM2)
                0x000000dc        0x4 LONG 0x2007c000 ADDR (.data_RAM2)
                0x000000e0        0x4 LONG 0x0 SIZEOF (.data_RAM2)
                0x000000e4                __data_section_table_end = .
                0x000000e4                __bss_section_table = .
                0x000000e4        0x4 LONG 0x10000000 ADDR (.bss)
                0x000000e8        0x4 LONG 0x4 SIZEOF (.bss)
                0x000000ec        0x4 LONG 0x2007c000 ADDR (.bss_RAM2)
                0x000000f0        0x4 LONG 0x0 SIZEOF (.bss_RAM2)
                0x000000f4                __bss_section_table_end = .
                0x000000f4                __section_table_end = .
 *(.after_vectors*)
 .after_vectors
                0x000000f4      0x12c ./BSP/cr_startup_lpc175x_6x.o
                0x000000f4                data_init
                0x00000138                bss_init
                0x00000170                ResetISR
                0x000001e4                NMI_Handler
                0x000001ea                HardFault_Handler
                0x000001f0                MemManage_Handler
                0x000001f6                BusFault_Handler
                0x000001fc                UsageFault_Handler
                0x00000202                SVC_Handler
                0x00000208                DebugMon_Handler
                0x0000020e                PendSV_Handler
                0x00000214                SysTick_Handler
                0x0000021a                EINT3_IRQHandler
                0x0000021a                CANActivity_IRQHandler
                0x0000021a                TIMER3_IRQHandler
                0x0000021a                UART0_IRQHandler
                0x0000021a                UART1_IRQHandler
                0x0000021a                EINT2_IRQHandler
                0x0000021a                USBActivity_IRQHandler
                0x0000021a                IntDefaultHandler
                0x0000021a                PLL0_IRQHandler
                0x0000021a                I2C0_IRQHandler
                0x0000021a                I2C1_IRQHandler
                0x0000021a                SSP0_IRQHandler
                0x0000021a                I2S_IRQHandler
                0x0000021a                I2C2_IRQHandler
                0x0000021a                RTC_IRQHandler
                0x0000021a                TIMER0_IRQHandler
                0x0000021a                SPI_IRQHandler
                0x0000021a                RIT_IRQHandler
                0x0000021a                EINT1_IRQHandler
                0x0000021a                TIMER1_IRQHandler
                0x0000021a                UART2_IRQHandler
                0x0000021a                ADC_IRQHandler
                0x0000021a                SSP1_IRQHandler
                0x0000021a                USB_IRQHandler
                0x0000021a                BOD_IRQHandler
                0x0000021a                PLL1_IRQHandler
                0x0000021a                WDT_IRQHandler
                0x0000021a                PWM1_IRQHandler
                0x0000021a                QEI_IRQHandler
                0x0000021a                EINT0_IRQHandler
                0x0000021a                CAN_IRQHandler
                0x0000021a                DMA_IRQHandler
                0x0000021a                TIMER2_IRQHandler
                0x0000021a                UART3_IRQHandler
                0x0000021a                MCPWM_IRQHandler
                0x0000021a                ENET_IRQHandler
                0x000002fc                . = 0x2fc
 *fill*         0x00000220       0xdc ff
                0x000002fc                PROVIDE (__CRP_WORD_START__ = .)
 *(.crp)
 .crp           0x000002fc        0x4 ./BSP/crp.o
                0x000002fc                CRP_WORD
                0x00000300                PROVIDE (__CRP_WORD_END__ = .)
                0x00000001                ASSERT (! ((__CRP_WORD_START__ == __CRP_WORD_END__)), Linker CRP Enabled, but no CRP_WORD provided within application)
 *(.text*)
 .text.main     0x00000300       0x18 ./src/FD2930_MCUX.o
                0x00000300                main
 .text.__weak_main
                0x00000318        0x4 c:/nxp/mcuxpressoide_11.5.0_7232/ide/plugins/com.nxp.mcuxpresso.tools.win32_11.5.0.202107051138/tools/bin/../lib/gcc/arm-none-eabi/10.3.1/../../../../arm-none-eabi/lib/thumb/v7-m/nofp\libcr_c.a(__weak__main.o)
                0x00000318                __weak_main
                0x00000318                __main
 *(.rodata .rodata.* .constdata .constdata.*)
                0x0000031c                . = ALIGN (0x4)

.glue_7         0x0000031c        0x0
 .glue_7        0x0000031c        0x0 linker stubs

.glue_7t        0x0000031c        0x0
 .glue_7t       0x0000031c        0x0 linker stubs

.vfp11_veneer   0x0000031c        0x0
 .vfp11_veneer  0x0000031c        0x0 linker stubs

.v4_bx          0x0000031c        0x0
 .v4_bx         0x0000031c        0x0 linker stubs

.iplt           0x0000031c        0x0
 .iplt          0x0000031c        0x0 ./src/FD2930_MCUX.o

.rel.dyn        0x0000031c        0x0
 .rel.iplt      0x0000031c        0x0 ./src/FD2930_MCUX.o

.ARM.extab
 *(.ARM.extab* .gnu.linkonce.armextab.*)

.ARM.exidx      0x0000031c        0x0
                0x0000031c                __exidx_start = .
 *(.ARM.exidx* .gnu.linkonce.armexidx.*)
                0x0000031c                __exidx_end = .
                0x0000031c                _etext = .

.data_RAM2      0x2007c000        0x0 load address 0x0000031c
 FILL mask 0xff
                [!provide]                PROVIDE (__start_data_RAM2 = .)
                [!provide]                PROVIDE (__start_data_RamAHB32 = .)
 *(.ramfunc.$RAM2)
 *(.ramfunc.$RamAHB32)
 *(.data.$RAM2)
 *(.data.$RamAHB32)
 *(.data.$RAM2.*)
 *(.data.$RamAHB32.*)
                0x2007c000                . = ALIGN (0x4)
                [!provide]                PROVIDE (__end_data_RAM2 = .)
                [!provide]                PROVIDE (__end_data_RamAHB32 = .)

.uninit_RESERVED
                0x10000000        0x0
                0x10000000                _start_uninit_RESERVED = .
 *(.bss.$RESERVED*)
                0x10000000                . = ALIGN (0x4)
                0x10000000                _end_uninit_RESERVED = .

.data           0x10000000        0x0 load address 0x0000031c
 FILL mask 0xff
                0x10000000                _data = .
                [!provide]                PROVIDE (__start_data_RAM = .)
                [!provide]                PROVIDE (__start_data_RamLoc32 = .)
 *(vtable)
 *(.ramfunc*)
 *(CodeQuickAccess)
 *(DataQuickAccess)
 *(RamFunction)
 *(.data*)
                0x10000000                . = ALIGN (0x4)
                0x10000000                _edata = .
                [!provide]                PROVIDE (__end_data_RAM = .)
                [!provide]                PROVIDE (__end_data_RamLoc32 = .)

.igot.plt       0x10000000        0x0 load address 0x0000031c
 .igot.plt      0x10000000        0x0 ./src/FD2930_MCUX.o

.bss_RAM2       0x2007c000        0x0
                [!provide]                PROVIDE (__start_bss_RAM2 = .)
                [!provide]                PROVIDE (__start_bss_RamAHB32 = .)
 *(.bss.$RAM2)
 *(.bss.$RamAHB32)
 *(.bss.$RAM2.*)
 *(.bss.$RamAHB32.*)
                0x2007c000                . = ALIGN ((. != 0x0)?0x4:0x1)
                [!provide]                PROVIDE (__end_bss_RAM2 = .)
                [!provide]                PROVIDE (__end_bss_RamAHB32 = .)

.bss            0x10000000        0x4
                0x10000000                _bss = .
                [!provide]                PROVIDE (__start_bss_RAM = .)
                [!provide]                PROVIDE (__start_bss_RamLoc32 = .)
 *(.bss*)
 .bss.i.0       0x10000000        0x4 ./src/FD2930_MCUX.o
 *(COMMON)
                0x10000004                . = ALIGN (0x4)
                0x10000004                _ebss = .
                [!provide]                PROVIDE (__end_bss_RAM = .)
                [!provide]                PROVIDE (__end_bss_RamLoc32 = .)
                [!provide]                PROVIDE (end = .)

.noinit_RAM2    0x2007c000        0x0
                [!provide]                PROVIDE (__start_noinit_RAM2 = .)
                [!provide]                PROVIDE (__start_noinit_RamAHB32 = .)
 *(.noinit.$RAM2)
 *(.noinit.$RamAHB32)
 *(.noinit.$RAM2.*)
 *(.noinit.$RamAHB32.*)
                0x2007c000                . = ALIGN (0x4)
                [!provide]                PROVIDE (__end_noinit_RAM2 = .)
                [!provide]                PROVIDE (__end_noinit_RamAHB32 = .)

.noinit         0x10000004        0x0
                0x10000004                _noinit = .
                [!provide]                PROVIDE (__start_noinit_RAM = .)
                [!provide]                PROVIDE (__start_noinit_RamLoc32 = .)
 *(.noinit*)
                0x10000004                . = ALIGN (0x4)
                0x10000004                _end_noinit = .
                [!provide]                PROVIDE (__end_noinit_RAM = .)
                [!provide]                PROVIDE (__end_noinit_RamLoc32 = .)
                [!provide]                PROVIDE (_pvHeapStart = DEFINED (__user_heap_base)?__user_heap_base:.)
                0x10008000                PROVIDE (_vStackTop = DEFINED (__user_stack_top)?__user_stack_top:(__top_RamLoc32 - 0x0))
                0xefff74da                PROVIDE (__valid_user_code_checksum = (0x0 - ((((((_vStackTop + (ResetISR + 0x1)) + (NMI_Handler + 0x1)) + (HardFault_Handler + 0x1)) + (DEFINED (MemManage_Handler)?MemManage_Handler:0x0 + 0x1)) + (DEFINED (BusFault_Handler)?BusFault_Handler:0x0 + 0x1)) + (DEFINED (UsageFault_Handler)?UsageFault_Handler:0x0 + 0x1))))
                0x00000000                _image_start = LOADADDR (.text)
                0x0000031c                _image_end = (LOADADDR (.data) + SIZEOF (.data))
                0x0000031c                _image_size = (_image_end - _image_start)
OUTPUT(FD2930_MCUX.axf elf32-littlearm)
LOAD linker stubs

.debug_info     0x00000000      0x320
 .debug_info    0x00000000       0x61 ./src/FD2930_MCUX.o
 .debug_info    0x00000061      0x27f ./BSP/cr_startup_lpc175x_6x.o
 .debug_info    0x000002e0       0x40 ./BSP/crp.o

.debug_abbrev   0x00000000      0x1b2
 .debug_abbrev  0x00000000       0x58 ./src/FD2930_MCUX.o
 .debug_abbrev  0x00000058      0x122 ./BSP/cr_startup_lpc175x_6x.o
 .debug_abbrev  0x0000017a       0x38 ./BSP/crp.o

.debug_aranges  0x00000000       0xb8
 .debug_aranges
                0x00000000       0x20 ./src/FD2930_MCUX.o
 .debug_aranges
                0x00000020       0x80 ./BSP/cr_startup_lpc175x_6x.o
 .debug_aranges
                0x000000a0       0x18 ./BSP/crp.o

.debug_ranges   0x00000000       0x80
 .debug_ranges  0x00000000       0x10 ./src/FD2930_MCUX.o
 .debug_ranges  0x00000010       0x70 ./BSP/cr_startup_lpc175x_6x.o

.debug_macro    0x00000000      0xb85
 .debug_macro   0x00000000       0x1a ./src/FD2930_MCUX.o
 .debug_macro   0x0000001a      0xa7e ./src/FD2930_MCUX.o
 .debug_macro   0x00000a98       0x82 ./src/FD2930_MCUX.o
 .debug_macro   0x00000b1a       0x1d ./BSP/cr_startup_lpc175x_6x.o
 .debug_macro   0x00000b37       0x1a ./BSP/crp.o
 .debug_macro   0x00000b51       0x34 ./BSP/crp.o

.debug_line     0x00000000      0x2f9
 .debug_line    0x00000000       0xe9 ./src/FD2930_MCUX.o
 .debug_line    0x000000e9      0x15f ./BSP/cr_startup_lpc175x_6x.o
 .debug_line    0x00000248       0xb1 ./BSP/crp.o

.debug_str      0x00000000     0x33e1
 .debug_str     0x00000000     0x3136 ./src/FD2930_MCUX.o
 .debug_str     0x00003136      0x1c2 ./BSP/cr_startup_lpc175x_6x.o
                               0x2ea8 (size before relaxing)
 .debug_str     0x000032f8       0xe9 ./BSP/crp.o
                               0x2dc9 (size before relaxing)

.comment        0x00000000       0x49
 .comment       0x00000000       0x49 ./src/FD2930_MCUX.o
                                 0x4a (size before relaxing)
 .comment       0x00000049       0x4a ./BSP/cr_startup_lpc175x_6x.o
 .comment       0x00000049       0x4a ./BSP/crp.o
 .comment       0x00000049       0x4a c:/nxp/mcuxpressoide_11.5.0_7232/ide/plugins/com.nxp.mcuxpresso.tools.win32_11.5.0.202107051138/tools/bin/../lib/gcc/arm-none-eabi/10.3.1/../../../../arm-none-eabi/lib/thumb/v7-m/nofp\libcr_c.a(__weak__main.o)

.ARM.attributes
                0x00000000       0x2b
 .ARM.attributes
                0x00000000       0x2d ./src/FD2930_MCUX.o
 .ARM.attributes
                0x0000002d       0x2d ./BSP/cr_startup_lpc175x_6x.o
 .ARM.attributes
                0x0000005a       0x33 ./BSP/crp.o
 .ARM.attributes
                0x0000008d       0x2d c:/nxp/mcuxpressoide_11.5.0_7232/ide/plugins/com.nxp.mcuxpresso.tools.win32_11.5.0.202107051138/tools/bin/../lib/gcc/arm-none-eabi/10.3.1/../../../../arm-none-eabi/lib/thumb/v7-m/nofp\libcr_c.a(__weak__main.o)

.debug_frame    0x00000000      0x198
 .debug_frame   0x00000000       0x28 ./src/FD2930_MCUX.o
 .debug_frame   0x00000028      0x170 ./BSP/cr_startup_lpc175x_6x.o

Cross Reference Table

Symbol                                            File
ADC_IRQHandler                                    ./BSP/cr_startup_lpc175x_6x.o
BOD_IRQHandler                                    ./BSP/cr_startup_lpc175x_6x.o
BusFault_Handler                                  ./BSP/cr_startup_lpc175x_6x.o
CANActivity_IRQHandler                            ./BSP/cr_startup_lpc175x_6x.o
CAN_IRQHandler                                    ./BSP/cr_startup_lpc175x_6x.o
CRP_WORD                                          ./BSP/crp.o
DMA_IRQHandler                                    ./BSP/cr_startup_lpc175x_6x.o
DebugMon_Handler                                  ./BSP/cr_startup_lpc175x_6x.o
EINT0_IRQHandler                                  ./BSP/cr_startup_lpc175x_6x.o
EINT1_IRQHandler                                  ./BSP/cr_startup_lpc175x_6x.o
EINT2_IRQHandler                                  ./BSP/cr_startup_lpc175x_6x.o
EINT3_IRQHandler                                  ./BSP/cr_startup_lpc175x_6x.o
ENET_IRQHandler                                   ./BSP/cr_startup_lpc175x_6x.o
HardFault_Handler                                 ./BSP/cr_startup_lpc175x_6x.o
I2C0_IRQHandler                                   ./BSP/cr_startup_lpc175x_6x.o
I2C1_IRQHandler                                   ./BSP/cr_startup_lpc175x_6x.o
I2C2_IRQHandler                                   ./BSP/cr_startup_lpc175x_6x.o
I2S_IRQHandler                                    ./BSP/cr_startup_lpc175x_6x.o
IntDefaultHandler                                 ./BSP/cr_startup_lpc175x_6x.o
MCPWM_IRQHandler                                  ./BSP/cr_startup_lpc175x_6x.o
MemManage_Handler                                 ./BSP/cr_startup_lpc175x_6x.o
NMI_Handler                                       ./BSP/cr_startup_lpc175x_6x.o
PLL0_IRQHandler                                   ./BSP/cr_startup_lpc175x_6x.o
PLL1_IRQHandler                                   ./BSP/cr_startup_lpc175x_6x.o
PWM1_IRQHandler                                   ./BSP/cr_startup_lpc175x_6x.o
PendSV_Handler                                    ./BSP/cr_startup_lpc175x_6x.o
QEI_IRQHandler                                    ./BSP/cr_startup_lpc175x_6x.o
RIT_IRQHandler                                    ./BSP/cr_startup_lpc175x_6x.o
RTC_IRQHandler                                    ./BSP/cr_startup_lpc175x_6x.o
ResetISR                                          ./BSP/cr_startup_lpc175x_6x.o
SPI_IRQHandler                                    ./BSP/cr_startup_lpc175x_6x.o
SSP0_IRQHandler                                   ./BSP/cr_startup_lpc175x_6x.o
SSP1_IRQHandler                                   ./BSP/cr_startup_lpc175x_6x.o
SVC_Handler                                       ./BSP/cr_startup_lpc175x_6x.o
SysTick_Handler                                   ./BSP/cr_startup_lpc175x_6x.o
SystemCoreClock                                   ./BSP/system_LPC17xx.o
SystemCoreClockUpdate                             ./BSP/system_LPC17xx.o
SystemInit                                        ./BSP/system_LPC17xx.o
TIMER0_IRQHandler                                 ./BSP/cr_startup_lpc175x_6x.o
TIMER1_IRQHandler                                 ./BSP/cr_startup_lpc175x_6x.o
TIMER2_IRQHandler                                 ./BSP/cr_startup_lpc175x_6x.o
TIMER3_IRQHandler                                 ./BSP/cr_startup_lpc175x_6x.o
UART0_IRQHandler                                  ./BSP/cr_startup_lpc175x_6x.o
UART1_IRQHandler                                  ./BSP/cr_startup_lpc175x_6x.o
UART2_IRQHandler                                  ./BSP/cr_startup_lpc175x_6x.o
UART3_IRQHandler                                  ./BSP/cr_startup_lpc175x_6x.o
USBActivity_IRQHandler                            ./BSP/cr_startup_lpc175x_6x.o
USB_IRQHandler                                    ./BSP/cr_startup_lpc175x_6x.o
UsageFault_Handler                                ./BSP/cr_startup_lpc175x_6x.o
WDT_IRQHandler                                    ./BSP/cr_startup_lpc175x_6x.o
__aeabi_idiv0                                     c:/nxp/mcuxpressoide_11.5.0_7232/ide/plugins/com.nxp.mcuxpresso.tools.win32_11.5.0.202107051138/tools/bin/../lib/gcc/arm-none-eabi/10.3.1/thumb/v7-m/nofp\libcr_eabihelpers.a(division_idiv0.o)
                                                  c:/nxp/mcuxpressoide_11.5.0_7232/ide/plugins/com.nxp.mcuxpresso.tools.win32_11.5.0.202107051138/tools/bin/../lib/gcc/arm-none-eabi/10.3.1/thumb/v7-m/nofp\libcr_eabihelpers.a(division_64.o)
__aeabi_ldivmod                                   c:/nxp/mcuxpressoide_11.5.0_7232/ide/plugins/com.nxp.mcuxpresso.tools.win32_11.5.0.202107051138/tools/bin/../lib/gcc/arm-none-eabi/10.3.1/thumb/v7-m/nofp\libcr_eabihelpers.a(division_64.o)
__aeabi_uldivmod                                  c:/nxp/mcuxpressoide_11.5.0_7232/ide/plugins/com.nxp.mcuxpresso.tools.win32_11.5.0.202107051138/tools/bin/../lib/gcc/arm-none-eabi/10.3.1/thumb/v7-m/nofp\libcr_eabihelpers.a(division_64.o)
                                                  ./BSP/system_LPC17xx.o
__bhs_ldivmod1                                    c:/nxp/mcuxpressoide_11.5.0_7232/ide/plugins/com.nxp.mcuxpresso.tools.win32_11.5.0.202107051138/tools/bin/../lib/gcc/arm-none-eabi/10.3.1/thumb/v7-m/nofp\libcr_eabihelpers.a(division_64.o)
__bss_section_table_end                           ./BSP/cr_startup_lpc175x_6x.o
__data_section_table                              ./BSP/cr_startup_lpc175x_6x.o
__data_section_table_end                          ./BSP/cr_startup_lpc175x_6x.o
__main                                            c:/nxp/mcuxpressoide_11.5.0_7232/ide/plugins/com.nxp.mcuxpresso.tools.win32_11.5.0.202107051138/tools/bin/../lib/gcc/arm-none-eabi/10.3.1/../../../../arm-none-eabi/lib/thumb/v7-m/nofp\libcr_c.a(__weak__main.o)
                                                  ./BSP/cr_startup_lpc175x_6x.o
__valid_user_code_checksum                        ./BSP/cr_startup_lpc175x_6x.o
__weak_main                                       c:/nxp/mcuxpressoide_11.5.0_7232/ide/plugins/com.nxp.mcuxpresso.tools.win32_11.5.0.202107051138/tools/bin/../lib/gcc/arm-none-eabi/10.3.1/../../../../arm-none-eabi/lib/thumb/v7-m/nofp\libcr_c.a(__weak__main.o)
_vStackTop                                        ./BSP/cr_startup_lpc175x_6x.o
bss_init                                          ./BSP/cr_startup_lpc175x_6x.o
data_init                                         ./BSP/cr_startup_lpc175x_6x.o
g_pfnVectors                                      ./BSP/cr_startup_lpc175x_6x.o
main                                              ./src/FD2930_MCUX.o
                                                  c:/nxp/mcuxpressoide_11.5.0_7232/ide/plugins/com.nxp.mcuxpresso.tools.win32_11.5.0.202107051138/tools/bin/../lib/gcc/arm-none-eabi/10.3.1/../../../../arm-none-eabi/lib/thumb/v7-m/nofp\libcr_c.a(__weak__main.o)
